project ea905f22c789460e8404c7cb6b73ac04 / target page 10_NEW: a7948021787444c3 (reused, 12 pages total)
read 03_MODEM_SIM_RF    comps= 117 wires=  94 texts= 20 polys= 32 bbox=47.24409,-1585.433075..2265.5,-65.35433
read 07_HAPTIC_BUTTONS  comps=  50 wires=  36 texts=  6 polys=  4 bbox=47.24409,-1380.7086649999999..1760.5000000000002,-65.35433
read 04_IMU_RTC         comps=  38 wires=  29 texts=  5 polys=  0 bbox=47.24409,-849.212595..1760.5000000000002,-65.35433
read 00_TOP             comps=   9 wires=   0 texts= 49 polys=  0 bbox=47.24409,-1479.133855..1743.2848566308594,-65.35433
read 02_ESP32           comps=  83 wires=  67 texts= 13 polys=  0 bbox=47.24409,-1290.157475..1760.5000000000002,-65.35433
read 01_POWER           comps= 125 wires=  95 texts= 12 polys=  8 bbox=47.24409,-1518.503935..2265.5,-65.35433
read 08_DEBUG_TEST      comps=  57 wires=  32 texts=  6 polys=  4 bbox=47.24409,-1321.653545..2225.5,-65.35433
read 06_AUDIO           comps=  82 wires=  64 texts= 19 polys=  8 bbox=47.24409,-1612.755905..2245.5,-65.35433
read 05_DISPLAY         comps=  12 wires=  11 texts= 11 polys=  4 bbox=47.24409,-392.913385..1198.5411631591796,-65.35433
tiles: 9  framed extent: 7009.8 x 5502.7 API units (border adds 1205 more height)
expected: flag=2 part=126 poly=60 port=428 rect=12 text=190 wire=428 total=1246
stats: blocked_part=12 blocked_value=19 nets=102 refs=126
reset: {"component": {"found": 1, "removed": 1}, "wire": {"found": 0, "removed": 0}, "text": {"found": 0, "removed": 0}, "poly": {"found": 0, "removed": 0}, "rect": {"found": 0, "removed": 0}}
round 1: live flag=0 frame=0 part=0 poly=0 port=0 rect=0 text=0 wire=0 | missing=1246 blocked=0 repair=0 stray=0
      still missing: part C301
      still missing: part C302
      still missing: part C303
      still missing: part C304
      still missing: part C305
      still missing: part C306
      still missing: part C307
      still missing: part C308
      still missing: part C321
      still missing: part C322
      plan: 0 delete, 1246 create
      6 item(s) in  0.2s  part=6
      6 item(s) in  0.3s  part=6
      6 item(s) in  0.2s  part=6
      6 item(s) in  0.2s  part=4 text=2
      6 item(s) in  0.0s  text=6
      6 item(s) in  0.1s  text=6
      6 item(s) in  0.1s  text=6
      6 item(s) in  0.1s  poly=6
      6 item(s) in  0.1s  poly=6
      6 item(s) in  0.1s  poly=6
      6 item(s) in  0.1s  poly=6
      6 item(s) in  0.1s  poly=6
      6 item(s) in  0.2s  poly=2 wire=4
      6 item(s) in  0.2s  wire=6
      6 item(s) in  0.4s  wire=6
      6 item(s) in  0.2s  wire=6
      6 item(s) in  0.2s  wire=6
      6 item(s) in  0.2s  wire=6
      6 item(s) in  0.2s  wire=6
      6 item(s) in  0.2s  wire=6
      6 item(s) in  0.2s  wire=6
      6 item(s) in  0.2s  wire=6
      6 item(s) in  0.2s  wire=6
      6 item(s) in  0.2s  wire=6
      6 item(s) in  0.3s  wire=6
      6 item(s) in  0.2s  wire=6
      6 item(s) in  0.2s  wire=6
      6 item(s) in  0.2s  wire=6
      6 item(s) in  0.5s  part=6
      6 item(s) in  0.4s  part=6
      6 item(s) in  0.1s  part=1 text=5
      6 item(s) in  0.1s  poly=4 text=1 wire=1
      6 item(s) in  0.3s  wire=6
      6 item(s) in  0.3s  wire=6
      6 item(s) in  0.3s  wire=6
      6 item(s) in  0.3s  wire=6
      6 item(s) in  0.4s  wire=6
      6 item(s) in  0.3s  part=1 wire=5
      6 item(s) in  0.6s  part=6
      6 item(s) in  0.1s  part=1 text=5
      6 item(s) in  0.3s  wire=6
      6 item(s) in  0.3s  wire=6
      6 item(s) in  0.3s  wire=6
      6 item(s) in  0.3s  wire=6
      6 item(s) in  0.3s  text=1 wire=5
      6 item(s) in  0.1s  text=6
      6 item(s) in  0.1s  text=6
      6 item(s) in  0.1s  text=6
      6 item(s) in  0.1s  text=6
      6 item(s) in  0.1s  text=6
      6 item(s) in  0.1s  text=6
      6 item(s) in  0.1s  text=6
      6 item(s) in  0.1s  text=6
      6 item(s) in  0.9s  part=6
      6 item(s) in  0.7s  part=6
      6 item(s) in  0.4s  part=3 text=3
      6 item(s) in  0.1s  text=6
      6 item(s) in  0.2s  text=4 wire=2
      6 item(s) in  0.3s  wire=6
      6 item(s) in  0.4s  wire=6
      6 item(s) in  0.3s  wire=6
      6 item(s) in  0.3s  wire=6
      6 item(s) in  0.5s  wire=6
      6 item(s) in  0.3s  wire=6
      6 item(s) in  0.3s  wire=6
      6 item(s) in  0.1s  
      refused (verify decides): wire ESP_BOOT: create failed!
      refused (verify decides): wire +3V3_SYS: create failed!
      refused (verify decides): wire I2C_SCL: create failed!
      refused (verify decides): wire +3V3_SYS: abandoned - the client kept refusing creates
      refused (verify decides): wire I2C_SDA: abandoned - the client kept refusing creates
      refused (verify decides): wire ESP_USB_DP_RAW: abandoned - the client kept refusing creates
      6 item(s) in  0.0s  
      refused (verify decides): wire ESP_USB_DP: create failed!
      refused (verify decides): wire ESP_USB_DM_RAW: create failed!
      refused (verify decides): wire ESP_USB_DM: create failed!
      refused (verify decides): wire +3V3_SYS: abandoned - the client kept refusing creates
      refused (verify decides): wire GND: abandoned - the client kept refusing creates
      refused (verify decides): wire +3V3_SYS: abandoned - the client kept refusing creates
      6 item(s) in  0.0s  
      refused (verify decides): wire GND: create failed!
      refused (verify decides): wire +3V3_SYS: create failed!
      refused (verify decides): wire GND: create failed!
      refused (verify decides): wire +3V3_SYS: abandoned - the client kept refusing creates
      refused (verify decides): wire GND: abandoned - the client kept refusing creates
      refused (verify decides): wire +3V3_SYS: abandoned - the client kept refusing creates
      6 item(s) in  0.0s  
      refused (verify decides): wire GND: create failed!
      refused (verify decides): wire +3V3_SYS: create failed!
      refused (verify decides): wire GND: create failed!
      refused (verify decides): wire +3V3_SYS: abandoned - the client kept refusing creates
      refused (verify decides): wire GND: abandoned - the client kept refusing creates
      refused (verify decides): part U7: abandoned - the client kept refusing creates
      HUNG on 6 item(s) (part U8…): HTTP 500: {"success":false,"error":"Request c8added8-7249-4e46-83ab-0b2248f8f897 timed out
      HUNG on 3 item(s) (part U8…): HTTP 500: {"success":false,"error":"Request 5dad07f8-7a76-419b-a053-e7039dc9f740 timed out
      HUNG on 1 item(s) (part U8…): HTTP 500: {"success":false,"error":"Request 3160ad00-76e3-426a-80f5-f2a555da7d6b timed out
      POISON x1: part U8 - nothing landed, nothing on that slot
      HUNG on 2 item(s) (part R101…): HTTP 500: {"success":false,"error":"Request 0318fb9b-78c4-4c53-be48-49c411037c67 timed out
      HUNG on 1 item(s) (part R101…): HTTP 500: {"success":false,"error":"Request 0a930ee1-4d48-4927-bda8-17d7f35019ab timed out
      POISON x1: part R101 - nothing landed, nothing on that slot
      HUNG on 1 item(s) (part R102…): HTTP 500: {"success":false,"error":"Request a4072f3c-cc6a-4930-88c1-0a47406179df timed out
      POISON x1: part R102 - nothing landed, nothing on that slot
      HUNG on 3 item(s) (part R103…): HTTP 500: {"success":false,"error":"Request b3a85a32-06eb-46a4-aa02-f16e30afda12 timed out
      HUNG on 1 item(s) (part R103…): HTTP 500: {"success":false,"error":"Request 3dffde3f-0a4d-49a4-8db6-0b7271ae329b timed out
      POISON x1: part R103 - nothing landed, nothing on that slot
      HUNG on 2 item(s) (part R104…): HTTP 500: {"success":false,"error":"Request 4911f970-a5ca-4ec7-bf08-f7c12d8aef49 timed out
      HUNG on 1 item(s) (part R104…): HTTP 500: {"success":false,"error":"Request 518802ac-c455-4e4c-86f5-f1af9dfa9f00 timed out
      POISON x1: part R104 - nothing landed, nothing on that slot
      HUNG on 1 item(s) (part R105…): HTTP 500: {"success":false,"error":"EDA window \"bb1bc304-d516-44d1-878f-3fb2eaa76f64\" di
      1 of them landed anyway; retrying 0
      6 item(s) in  1.8s  part=6
      6 item(s) in  0.8s  part=6
      6 item(s) in  1.4s  part=6
      HUNG on 6 item(s) (part U5…): HTTP 500: {"success":false,"error":"Request f2c54c71-d40b-4090-bbdf-071052de2715 timed out
      3 item(s) in 11.4s  part=2 text=1
      3 item(s) in  0.1s  text=3
      6 item(s) in  0.1s  text=6
      6 item(s) in  0.0s  poly=4
      refused (verify decides): text Default safety timer retained; NTC is no: create() returned nothing
      refused (verify decides): text PWR_FLAG marks GND and VBUS_5V as suppli: create() returned nothing
      6 item(s) in  0.0s  poly=4
      refused (verify decides): wire BAT_NTC: create failed!
      refused (verify decides): wire VBAT: create failed!
      6 item(s) in  0.0s  
      refused (verify decides): wire VBAT: create failed!
      refused (verify decides): wire GND: create failed!
      refused (verify decides): wire SYS: create failed!
      refused (verify decides): wire GND: abandoned - the client kept refusing creates
      refused (verify decides): wire PGOOD: abandoned - the client kept refusing creates
      refused (verify decides): wire GND: abandoned - the client kept refusing creates
      6 item(s) in  0.0s  
      refused (verify decides): wire CHG_STATUS: create failed!
      refused (verify decides): wire SYS: create failed!
      refused (verify decides): wire SYS: create failed!
      refused (verify decides): wire CHG_ILIM: abandoned - the client kept refusing creates
      refused (verify decides): wire VBUS_5V: abandoned - the client kept refusing creates
      refused (verify decides): wire CHG_ISET: abandoned - the client kept refusing creates
      6 item(s) in  0.0s  
      refused (verify decides): wire GND: create failed!
      refused (verify decides): wire DCDC_CTRL: create failed!
      refused (verify decides): wire DCDC_PG: create failed!
      refused (verify decides): wire DCDC_VAUX: abandoned - the client kept refusing creates
      refused (verify decides): wire GND: abandoned - the client kept refusing creates
      refused (verify decides): wire DCDC_FB: abandoned - the client kept refusing creates
      6 item(s) in  0.0s  
      refused (verify decides): wire +3V3_SYS: create failed!
      refused (verify decides): wire +3V3_SYS: create failed!
      refused (verify decides): wire DCDC_L2: create failed!
      refused (verify decides): wire GND: abandoned - the client kept refusing creates
      refused (verify decides): wire DCDC_L1: abandoned - the client kept refusing creates
      refused (verify decides): wire SYS: abandoned - the client kept refusing creates
      6 item(s) in  0.0s  
      refused (verify decides): wire SYS: create failed!
      refused (verify decides): wire DCDC_CTRL: create failed!
      refused (verify decides): wire GND: create failed!
      refused (verify decides): wire +3V3_SYS: abandoned - the client kept refusing creates
      refused (verify decides): wire GND: abandoned - the client kept refusing creates
      refused (verify decides): wire +3V3_SYS: abandoned - the client kept refusing creates
      6 item(s) in  0.0s  
      refused (verify decides): wire +1V8: create failed!
      refused (verify decides): wire GND: create failed!
      refused (verify decides): wire VBAT: create failed!
      refused (verify decides): wire VBAT: abandoned - the client kept refusing creates
      refused (verify decides): wire GND: abandoned - the client kept refusing creates
      refused (verify decides): wire BAT_ALERT: abandoned - the client kept refusing creates
      6 item(s) in  0.0s  
      refused (verify decides): wire GND: create failed!
      refused (verify decides): wire I2C_SCL: create failed!
      refused (verify decides): wire I2C_SDA: create failed!
      refused (verify decides): wire GND: abandoned - the client kept refusing creates
      refused (verify decides): wire VBAT: abandoned - the client kept refusing creates
      refused (verify decides): wire GND: abandoned - the client kept refusing creates
      6 item(s) in  0.0s  
      refused (verify decides): wire BAT_NTC: create failed!
      refused (verify decides): wire VBUS_5V: create failed!
      refused (verify decides): wire GND: create failed!
      refused (verify decides): wire CHG_ISET: abandoned - the client kept refusing creates
      refused (verify decides): wire GND: abandoned - the client kept refusing creates
      refused (verify decides): wire CHG_ILIM: abandoned - the client kept refusing creates
      6 item(s) in  0.0s  
      refused (verify decides): wire GND: create failed!
      refused (verify decides): wire +3V3_SYS: create failed!
      refused (verify decides): wire CHG_STATUS: create failed!
      refused (verify decides): wire +3V3_SYS: abandoned - the client kept refusing creates
      refused (verify decides): wire PGOOD: abandoned - the client kept refusing creates
      refused (verify decides): wire VBUS_5V: abandoned - the client kept refusing creates
      6 item(s) in  0.0s  
      refused (verify decides): wire GND: create failed!
      refused (verify decides): wire VBAT: create failed!
      refused (verify decides): wire GND: create failed!
      refused (verify decides): wire SYS: abandoned - the client kept refusing creates
      refused (verify decides): wire GND: abandoned - the client kept refusing creates
      refused (verify decides): wire DCDC_L1: abandoned - the client kept refusing creates
      6 item(s) in  0.0s  
      refused (verify decides): wire DCDC_L2: create failed!
      refused (verify decides): wire +3V3_SYS: create failed!
      refused (verify decides): wire DCDC_FB: create failed!
      refused (verify decides): wire DCDC_FB: abandoned - the client kept refusing creates
      refused (verify decides): wire GND: abandoned - the client kept refusing creates
      refused (verify decides): wire DCDC_VAUX: abandoned - the client kept refusing creates
      6 item(s) in  1.0s  wire=2
      refused (verify decides): wire DCDC_PG: create failed!
      refused (verify decides): wire SYS: create failed!
      refused (verify decides): wire GND: create failed!
      refused (verify decides): wire SYS: abandoned - the client kept refusing creates
      6 item(s) in  0.8s  wire=2
      refused (verify decides): wire GND: create failed!
      refused (verify decides): wire +3V3_SYS: create failed!
      refused (verify decides): wire GND: create failed!
      refused (verify decides): wire +3V3_SYS: abandoned - the client kept refusing creates
      6 item(s) in  0.7s  wire=2
      refused (verify decides): wire GND: create failed!
      refused (verify decides): wire +3V3_SYS: create failed!
      refused (verify decides): wire GND: create failed!
      refused (verify decides): wire +1V8: abandoned - the client kept refusing creates
      6 item(s) in  0.9s  wire=3
      refused (verify decides): wire +3V3_SYS: create failed!
      refused (verify decides): wire BAT_ALERT: create failed!
      refused (verify decides): wire SYS: create failed!
      6 item(s) in  1.4s  part=3 wire=1
      refused (verify decides): wire power_PWR_FLAG: create failed!
      refused (verify decides): wire power_PWR_FLAG: create failed!
      6 item(s) in  1.6s  part=6
      6 item(s) in  1.6s  part=6
      6 item(s) in  1.6s  part=6
      6 item(s) in  0.9s  part=3 text=3
      6 item(s) in  0.6s  poly=3 text=3
      6 item(s) in  1.1s  poly=1 wire=2
      refused (verify decides): wire POGO_UART_TX: create failed!
      refused (verify decides): wire POGO_UART_RX: create failed!
      refused (verify decides): wire UART0_TX: create failed!
      6 item(s) in  0.4s  wire=1
      refused (verify decides): wire POGO_UART_RX: create failed!
      refused (verify decides): wire UART0_RX: create failed!
      refused (verify decides): wire POGO_UART_TX: create failed!
      refused (verify decides): wire POGO_UART_RX: abandoned - the client kept refusing creates
      refused (verify decides): wire GND: abandoned - the client kept refusing creates
      6 item(s) in  0.8s  wire=2
      refused (verify decides): wire VBAT_MODEM: create failed!
      refused (verify decides): wire +3V3_SYS: create failed!
      refused (verify decides): wire +1V8: create failed!
      refused (verify decides): wire GND: abandoned - the client kept refusing creates
      6 item(s) in  0.9s  wire=3
      refused (verify decides): wire I2C_SDA: create failed!
      refused (verify decides): wire MODEM_TX: create failed!
      refused (verify decides): wire MODEM_RX: create failed!
      6 item(s) in  0.9s  wire=3
      refused (verify decides): wire MODEM_USB_DP: create failed!
      refused (verify decides): wire MODEM_USB_DM: create failed!
      refused (verify decides): wire ESP_EN: create failed!
      6 item(s) in  2.4s  part=3 wire=3
      6 item(s) in  2.1s  part=6
      6 item(s) in  2.1s  part=6
      6 item(s) in  1.0s  part=2 text=4
      6 item(s) in  0.4s  text=6
      6 item(s) in  1.2s  text=6
      6 item(s) in  0.3s  poly=3 text=3
      6 item(s) in  0.6s  poly=5 wire=1
      6 item(s) in  0.9s  wire=2
      refused (verify decides): wire +3V3_SYS: create failed!
      refused (verify decides): wire GND: create failed!
      refused (verify decides): wire I2S0_BCLK: create failed!
      refused (verify decides): wire I2S0_DIN: abandoned - the client kept refusing creates
      6 item(s) in  1.5s  wire=4
      refused (verify decides): wire CODEC_DAC_P: create failed!
      refused (verify decides): wire CODEC_DAC_N: create failed!
      6 item(s) in  0.7s  wire=2
      refused (verify decides): wire CODEC_VMID: create failed!
      refused (verify decides): wire CODEC_MIC_N: create failed!
      refused (verify decides): wire CODEC_MIC_P: create failed!
      refused (verify decides): wire I2C_SDA: abandoned - the client kept refusing creates
      6 item(s) in  0.7s  wire=2
      refused (verify decides): wire GND: create failed!
      refused (verify decides): wire MIC1_P: create failed!
      refused (verify decides): wire MIC1_N: create failed!
      refused (verify decides): wire AMP_SD: abandoned - the client kept refusing creates
      6 item(s) in  0.9s  wire=2
      refused (verify decides): wire SPK_P: create failed!
      refused (verify decides): wire VBAT: create failed!
      refused (verify decides): wire GND: create failed!
      refused (verify decides): wire SPK_N: abandoned - the client kept refusing creates
      6 item(s) in  1.0s  wire=2
      refused (verify decides): wire +3V3_SYS: create failed!
      refused (verify decides): wire GND: create failed!
      refused (verify decides): wire +3V3_SYS: create failed!
      refused (verify decides): wire GND: abandoned - the client kept refusing creates
      6 item(s) in  1.6s  wire=3
      refused (verify decides): wire GND: create failed!
      refused (verify decides): wire CODEC_DACVREF: create failed!
      refused (verify decides): wire GND: create failed!
      6 item(s) in  1.0s  wire=2
      refused (verify decides): wire CODEC_VMID: create failed!
      refused (verify decides): wire GND: create failed!
      refused (verify decides): wire MIC1_P: create failed!
      refused (verify decides): wire CODEC_MIC_P: abandoned - the client kept refusing creates
      6 item(s) in  0.8s  wire=1
      refused (verify decides): wire CODEC_MIC_N: create failed!
      refused (verify decides): wire CODEC_DAC_P: create failed!
      refused (verify decides): wire AMP_IN_P: create failed!
      refused (verify decides): wire CODEC_DAC_N: abandoned - the client kept refusing creates
      refused (verify decides): wire AMP_IN_N: abandoned - the client kept refusing creates
      6 item(s) in  1.4s  wire=2
      refused (verify decides): wire VBAT: create failed!
      refused (verify decides): wire GND: create failed!
      refused (verify decides): wire AMP_SD: create failed!
      refused (verify decides): wire GND: abandoned - the client kept refusing creates
      6 item(s) in  0.3s  wire=1
      refused (verify decides): wire AMP_SD: create failed!
      refused (verify decides): wire GND: create failed!
      refused (verify decides): text 05 / DISPLAY - exact FPC specification r: create() returned nothing
      refused (verify decides): text EVT-V1 / REVIEW DRAFT / NOT FOR FABRICAT: abandoned - the client kept refusing creates
      refused (verify decides): text J3  J_LCD_GENERIC: abandoned - the client kept refusing creates
      6 item(s) in  0.2s  text=6
      6 item(s) in  0.5s  poly=4 text=2
      6 item(s) in  1.5s  wire=3
      refused (verify decides): wire LCD_MOSI: create failed!
      refused (verify decides): wire LCD_CS: create failed!
      refused (verify decides): wire LCD_DC: create failed!
      6 item(s) in  1.0s  wire=2
      refused (verify decides): wire TP_SCL: create failed!
      refused (verify decides): wire TP_SDA: create failed!
      refused (verify decides): wire TP_INT: create failed!
      refused (verify decides): rect border: abandoned - the client kept refusing creates
      6 item(s) in  0.7s  rect=2 text=4
      6 item(s) in  1.0s  rect=1 text=5
      6 item(s) in  0.4s  rect=2 text=4
      6 item(s) in  0.8s  rect=1 text=5
      6 item(s) in  0.8s  rect=1 text=5
      6 item(s) in  0.8s  rect=1 text=5
      6 item(s) in  0.9s  rect=1 text=5
      6 item(s) in  0.6s  rect=2 text=4
      6 item(s) in  0.5s  text=6
      6 item(s) in  0.6s  text=6
      6 item(s) in  4.1s  port=6
      6 item(s) in  2.2s  port=6
      6 item(s) in  2.9s  port=6
      6 item(s) in  3.2s  port=6
      6 item(s) in  2.6s  port=6
      6 item(s) in  2.4s  port=6
      6 item(s) in  2.9s  port=6
      6 item(s) in  3.8s  port=6
      6 item(s) in  1.8s  port=6
      6 item(s) in  1.8s  port=6
      6 item(s) in  1.3s  port=6
      6 item(s) in  1.2s  port=6
      6 item(s) in  1.4s  port=6
      6 item(s) in  1.5s  port=6
      6 item(s) in  1.0s  port=6
      6 item(s) in  2.5s  port=6
      6 item(s) in  1.8s  port=6
      6 item(s) in  4.2s  port=6
      6 item(s) in  3.2s  port=6
      6 item(s) in  2.6s  port=6
      6 item(s) in  2.6s  port=6
      6 item(s) in  3.0s  port=6
      6 item(s) in  2.2s  port=6
      6 item(s) in  2.3s  port=6
      6 item(s) in  4.0s  port=6
      6 item(s) in  3.3s  port=6
      6 item(s) in  3.8s  port=6
      6 item(s) in  2.1s  port=6
      6 item(s) in  2.3s  port=6
      6 item(s) in  3.6s  port=6
      6 item(s) in  3.5s  port=6
      6 item(s) in  4.2s  port=6
      6 item(s) in  2.9s  port=6
      6 item(s) in  4.1s  port=6
      6 item(s) in  3.1s  port=6
      6 item(s) in  2.1s  port=6
      6 item(s) in  1.8s  port=6
      6 item(s) in  1.3s  port=6
      6 item(s) in  1.8s  port=6
      6 item(s) in  1.4s  port=6
      6 item(s) in  1.5s  port=6
      6 item(s) in  1.5s  port=6
      6 item(s) in  1.6s  port=6
      6 item(s) in  1.6s  port=6
      6 item(s) in  1.6s  port=6
      6 item(s) in  2.0s  port=6
      6 item(s) in  2.1s  port=6
      6 item(s) in  4.3s  port=6
      6 item(s) in  3.7s  port=6
      6 item(s) in  3.6s  port=6
      6 item(s) in  5.2s  port=6
      6 item(s) in  4.7s  port=6
      6 item(s) in  1.7s  port=6
      6 item(s) in  3.8s  flag=2 port=4
      HUNG on 6 item(s) (port GND…): HTTP 500: {"success":false,"error":"Request b31df9e3-56cc-4d81-b38b-ad9b4d2b3793 timed out
      3 item(s) in 12.7s  port=3
      3 item(s) in  0.4s  port=3
      6 item(s) in  0.6s  port=6
      6 item(s) in  0.7s  port=6
      HUNG on 6 item(s) (port I2C_SCL…): HTTP 500: {"success":false,"error":"Request 4ff0993a-1aa9-4523-8ebb-5da25964cd46 timed out
      HUNG on 3 item(s) (port I2C_SCL…): HTTP 500: {"success":false,"error":"EDA window \"7b2d50e6-fe7b-4400-a314-65a04b056e89\" di
bridge on :49620 is up but no EasyEDA window is connected (edaWindowCount=0). Install run-api-gateway.eext in 嘉立创EDA专业版 and enable external interaction.
exit=1
