project ea905f22c789460e8404c7cb6b73ac04 / target page 10_ALL: f0706db0ae88edcc (reused, 11 pages total)
read 03_MODEM_SIM_RF    comps= 117 wires=  94 texts= 20 polys= 32 bbox=47.24409,-1585.433075..2265.5,-65.35433
read 07_HAPTIC_BUTTONS  comps=  50 wires=  36 texts=  6 polys=  4 bbox=47.24409,-1380.7086649999999..1760.5000000000002,-65.35433
read 04_IMU_RTC         comps=  38 wires=  29 texts=  5 polys=  0 bbox=47.24409,-849.212595..1760.5000000000002,-65.35433
read 00_TOP             comps=   9 wires=   0 texts= 49 polys=  0 bbox=47.24409,-1479.133855..1743.2848566308594,-65.35433
read 02_ESP32           comps=  83 wires=  67 texts= 13 polys=  0 bbox=47.24409,-1290.157475..1760.5000000000002,-65.35433
read 01_POWER           comps= 125 wires=  95 texts= 12 polys=  8 bbox=47.24409,-1518.503935..2265.5,-65.35433
read 08_DEBUG_TEST      comps=  57 wires=  32 texts=  6 polys=  4 bbox=47.24409,-1321.653545..2225.5,-65.35433
read 06_AUDIO           comps=  82 wires=  64 texts= 19 polys=  8 bbox=47.24409,-1612.755905..2245.5,-65.35433
read 05_DISPLAY         comps=  12 wires=  11 texts= 11 polys=  4 bbox=47.24409,-392.913385..1198.5411631591796,-65.35433
tiles: 9  merged extent: 6889.8 x 5226.4 API units
expected: flag=2 part=126 poly=60 port=428 text=150 wire=428 total=1194
round 1: live flag=0 part=34 poly=32 port=94 text=21 wire=94 | missing=919 blocked=0 repair=0 stray=0
     12 item(s) in  0.3s  part=1 poly=4 text=6 wire=1
     12 item(s) in  0.0s  
      refused (verify decides): wire I2C_SCL: create failed!
      refused (verify decides): wire I2C_SDA: create failed!
      refused (verify decides): wire GND: create failed!
      refused (verify decides): wire HAPTIC_EN: abandoned - the client kept refusing creates
      refused (verify decides): wire +3V3_SYS: abandoned - the client kept refusing creates
      refused (verify decides): wire HAPTIC_P: abandoned - the client kept refusing creates
      refused (verify decides): wire GND: abandoned - the client kept refusing creates
      refused (verify decides): wire HAPTIC_N: abandoned - the client kept refusing creates
      refused (verify decides): wire +3V3_SYS: abandoned - the client kept refusing creates
      refused (verify decides): wire HAPTIC_P: abandoned - the client kept refusing creates
      refused (verify decides): wire HAPTIC_N: abandoned - the client kept refusing creates
      refused (verify decides): wire HAPTIC_REG: abandoned - the client kept refusing creates
     12 item(s) in  0.8s  wire=12
     12 item(s) in  1.9s  port=1 wire=11
     12 item(s) in  0.8s  port=12
     12 item(s) in  0.9s  port=12
     12 item(s) in  0.7s  port=11 text=1
      HUNG on 12 item(s) (part U3…): HTTP 500: {"success":false,"error":"Request 41401980-78ba-4bf3-b24b-604fcf8473ac timed out
      HUNG on 6 item(s) (part U3…): HTTP 500: {"success":false,"error":"Request 9c9d7df4-0d60-4dc1-acf8-e2f9a08ca363 timed out
      3 item(s) in 21.0s  part=3
      3 item(s) in  3.1s  part=3
      6 item(s) in  0.9s  part=2 text=4
     12 item(s) in  1.1s  text=1 wire=2
      refused (verify decides): wire +3V3_SYS: create failed!
      refused (verify decides): wire GND: create failed!
      refused (verify decides): wire GND: create failed!
      refused (verify decides): wire +3V3_SYS: abandoned - the client kept refusing creates
      refused (verify decides): wire IMU_INT2: abandoned - the client kept refusing creates
      refused (verify decides): wire +3V3_SYS: abandoned - the client kept refusing creates
      refused (verify decides): wire I2C_SCL: abandoned - the client kept refusing creates
      refused (verify decides): wire I2C_SDA: abandoned - the client kept refusing creates
      refused (verify decides): wire RTC_INT: abandoned - the client kept refusing creates
     12 item(s) in  0.6s  wire=2
      refused (verify decides): wire GND: create failed!
      refused (verify decides): wire RTC_VBACKUP: create failed!
      refused (verify decides): wire +3V3_SYS: create failed!
      refused (verify decides): wire GND: abandoned - the client kept refusing creates
      refused (verify decides): wire +3V3_SYS: abandoned - the client kept refusing creates
      refused (verify decides): wire GND: abandoned - the client kept refusing creates
      refused (verify decides): wire +3V3_SYS: abandoned - the client kept refusing creates
      refused (verify decides): wire GND: abandoned - the client kept refusing creates
      refused (verify decides): wire +3V3_SYS: abandoned - the client kept refusing creates
      refused (verify decides): wire GND: abandoned - the client kept refusing creates
     12 item(s) in  0.5s  wire=2
      refused (verify decides): wire +3V3_SYS: create failed!
      refused (verify decides): wire RTC_INT: create failed!
      refused (verify decides): wire RTC_VBACKUP: create failed!
      refused (verify decides): wire GND: abandoned - the client kept refusing creates
      refused (verify decides): port GND: abandoned - the client kept refusing creates
      refused (verify decides): port IMU_INT1: abandoned - the client kept refusing creates
      refused (verify decides): port +3V3_SYS: abandoned - the client kept refusing creates
      refused (verify decides): port GND: abandoned - the client kept refusing creates
      refused (verify decides): port GND: abandoned - the client kept refusing creates
      refused (verify decides): port +3V3_SYS: abandoned - the client kept refusing creates
     12 item(s) in  2.0s  port=12
     12 item(s) in  1.5s  port=11 text=1
     12 item(s) in  0.2s  text=12
     12 item(s) in  0.2s  text=12
     12 item(s) in  0.2s  text=12
     12 item(s) in  0.2s  text=12
     12 item(s) in  2.4s  part=10 text=2
     12 item(s) in  1.3s  part=5 text=7
     12 item(s) in  0.2s  text=6 wire=1
      refused (verify decides): wire +3V3_SYS: create failed!
      refused (verify decides): wire +3V3_SYS: create failed!
      refused (verify decides): wire ESP_EN: create failed!
      refused (verify decides): wire ESP_BOOT: abandoned - the client kept refusing creates
      refused (verify decides): wire BTN_SOS: abandoned - the client kept refusing creates
     12 item(s) in  0.7s  wire=2
      refused (verify decides): wire I2C_SCL: create failed!
      refused (verify decides): wire IMU_INT1: create failed!
      refused (verify decides): wire IMU_INT2: create failed!
      refused (verify decides): wire RTC_INT: abandoned - the client kept refusing creates
      refused (verify decides): wire BAT_ALERT: abandoned - the client kept refusing creates
      refused (verify decides): wire LCD_CS: abandoned - the client kept refusing creates
      refused (verify decides): wire LCD_MOSI: abandoned - the client kept refusing creates
      refused (verify decides): wire LCD_SCLK: abandoned - the client kept refusing creates
      refused (verify decides): wire LCD_DC: abandoned - the client kept refusing creates
      refused (verify decides): wire I2S0_BCLK: abandoned - the client kept refusing creates
     12 item(s) in  0.2s  wire=1
      refused (verify decides): wire I2S0_LRCK: create failed!
      refused (verify decides): wire I2S0_DOUT: create failed!
      refused (verify decides): wire I2S0_DIN: create failed!
      refused (verify decides): wire AUDIO_MCLK: abandoned - the client kept refusing creates
      refused (verify decides): wire ESP_USB_DM_RAW: abandoned - the client kept refusing creates
      refused (verify decides): wire ESP_USB_DP_RAW: abandoned - the client kept refusing creates
      refused (verify decides): wire MCU_MODEM_TX: abandoned - the client kept refusing creates
      refused (verify decides): wire LCD_RST: abandoned - the client kept refusing creates
      refused (verify decides): wire LCD_BL: abandoned - the client kept refusing creates
      refused (verify decides): wire MCU_MODEM_RX: abandoned - the client kept refusing creates
      refused (verify decides): wire MCU_PCM_CLK: abandoned - the client kept refusing creates
     12 item(s) in  2.4s  wire=3
      refused (verify decides): wire MCU_PCM_DOUT: create failed!
      refused (verify decides): wire UART0_TX: create failed!
      refused (verify decides): wire UART0_RX: create failed!
      refused (verify decides): wire +3V3_SYS: abandoned - the client kept refusing creates
      refused (verify decides): wire +3V3_SYS: abandoned - the client kept refusing creates
      refused (verify decides): wire GND: abandoned - the client kept refusing creates
      refused (verify decides): wire +3V3_SYS: abandoned - the client kept refusing creates
      refused (verify decides): wire ESP_EN: abandoned - the client kept refusing creates
      refused (verify decides): wire ESP_EN: abandoned - the client kept refusing creates
     12 item(s) in  1.4s  wire=2
      refused (verify decides): wire ESP_BOOT: create failed!
      refused (verify decides): wire +3V3_SYS: create failed!
      refused (verify decides): wire I2C_SCL: create failed!
      refused (verify decides): wire +3V3_SYS: abandoned - the client kept refusing creates
      refused (verify decides): wire I2C_SDA: abandoned - the client kept refusing creates
      refused (verify decides): wire ESP_USB_DP_RAW: abandoned - the client kept refusing creates
      refused (verify decides): wire ESP_USB_DP: abandoned - the client kept refusing creates
      refused (verify decides): wire ESP_USB_DM_RAW: abandoned - the client kept refusing creates
      refused (verify decides): wire ESP_USB_DM: abandoned - the client kept refusing creates
      refused (verify decides): wire +3V3_SYS: abandoned - the client kept refusing creates
     12 item(s) in  0.4s  wire=1
      refused (verify decides): wire +3V3_SYS: create failed!
      refused (verify decides): wire GND: create failed!
      refused (verify decides): wire +3V3_SYS: create failed!
      refused (verify decides): wire GND: abandoned - the client kept refusing creates
      refused (verify decides): wire +3V3_SYS: abandoned - the client kept refusing creates
      refused (verify decides): wire GND: abandoned - the client kept refusing creates
      refused (verify decides): wire +3V3_SYS: abandoned - the client kept refusing creates
      refused (verify decides): wire GND: abandoned - the client kept refusing creates
      refused (verify decides): wire +3V3_SYS: abandoned - the client kept refusing creates
      refused (verify decides): wire GND: abandoned - the client kept refusing creates
      refused (verify decides): wire +3V3_SYS: abandoned - the client kept refusing creates
     12 item(s) in  5.6s  port=11 wire=1
     12 item(s) in  2.1s  port=12
     12 item(s) in  2.2s  port=12
     12 item(s) in  3.7s  port=12
     12 item(s) in  1.9s  port=12
     12 item(s) in  4.4s  part=3 port=8 text=1
     12 item(s) in  3.4s  part=12
     12 item(s) in  3.8s  part=12
     12 item(s) in  0.3s  text=12
     12 item(s) in  0.5s  poly=8 wire=1
      refused (verify decides): wire VBAT: create failed!
      refused (verify decides): wire VBAT: create failed!
      refused (verify decides): wire GND: create failed!
     12 item(s) in  0.2s  wire=1
      refused (verify decides): wire GND: create failed!
      refused (verify decides): wire PGOOD: create failed!
      refused (verify decides): wire GND: create failed!
      refused (verify decides): wire CHG_STATUS: abandoned - the client kept refusing creates
      refused (verify decides): wire SYS: abandoned - the client kept refusing creates
      refused (verify decides): wire SYS: abandoned - the client kept refusing creates
      refused (verify decides): wire CHG_ILIM: abandoned - the client kept refusing creates
      refused (verify decides): wire VBUS_5V: abandoned - the client kept refusing creates
      refused (verify decides): wire CHG_ISET: abandoned - the client kept refusing creates
      refused (verify decides): wire GND: abandoned - the client kept refusing creates
      refused (verify decides): wire DCDC_CTRL: abandoned - the client kept refusing creates
     12 item(s) in  0.1s  wire=1
      refused (verify decides): wire DCDC_VAUX: create failed!
      refused (verify decides): wire GND: create failed!
      refused (verify decides): wire DCDC_FB: create failed!
      refused (verify decides): wire +3V3_SYS: abandoned - the client kept refusing creates
      refused (verify decides): wire +3V3_SYS: abandoned - the client kept refusing creates
      refused (verify decides): wire DCDC_L2: abandoned - the client kept refusing creates
      refused (verify decides): wire GND: abandoned - the client kept refusing creates
      refused (verify decides): wire DCDC_L1: abandoned - the client kept refusing creates
      refused (verify decides): wire SYS: abandoned - the client kept refusing creates
      refused (verify decides): wire SYS: abandoned - the client kept refusing creates
      refused (verify decides): wire DCDC_CTRL: abandoned - the client kept refusing creates
     12 item(s) in  0.5s  wire=2
      refused (verify decides): wire GND: create failed!
      refused (verify decides): wire +3V3_SYS: create failed!
      refused (verify decides): wire +1V8: create failed!
      refused (verify decides): wire GND: abandoned - the client kept refusing creates
      refused (verify decides): wire VBAT: abandoned - the client kept refusing creates
      refused (verify decides): wire VBAT: abandoned - the client kept refusing creates
      refused (verify decides): wire GND: abandoned - the client kept refusing creates
      refused (verify decides): wire BAT_ALERT: abandoned - the client kept refusing creates
      refused (verify decides): wire GND: abandoned - the client kept refusing creates
      refused (verify decides): wire I2C_SCL: abandoned - the client kept refusing creates
     12 item(s) in  0.1s  wire=1
      refused (verify decides): wire GND: create failed!
      refused (verify decides): wire VBAT: create failed!
      refused (verify decides): wire GND: create failed!
      refused (verify decides): wire BAT_NTC: abandoned - the client kept refusing creates
      refused (verify decides): wire VBUS_5V: abandoned - the client kept refusing creates
      refused (verify decides): wire GND: abandoned - the client kept refusing creates
      refused (verify decides): wire CHG_ISET: abandoned - the client kept refusing creates
      refused (verify decides): wire GND: abandoned - the client kept refusing creates
      refused (verify decides): wire CHG_ILIM: abandoned - the client kept refusing creates
      refused (verify decides): wire GND: abandoned - the client kept refusing creates
      refused (verify decides): wire +3V3_SYS: abandoned - the client kept refusing creates
     12 item(s) in  0.1s  wire=1
      refused (verify decides): wire +3V3_SYS: create failed!
      refused (verify decides): wire PGOOD: create failed!
      refused (verify decides): wire VBUS_5V: create failed!
      refused (verify decides): wire GND: abandoned - the client kept refusing creates
      refused (verify decides): wire VBAT: abandoned - the client kept refusing creates
      refused (verify decides): wire GND: abandoned - the client kept refusing creates
      refused (verify decides): wire SYS: abandoned - the client kept refusing creates
      refused (verify decides): wire GND: abandoned - the client kept refusing creates
      refused (verify decides): wire DCDC_L1: abandoned - the client kept refusing creates
      refused (verify decides): wire DCDC_L2: abandoned - the client kept refusing creates
      refused (verify decides): wire +3V3_SYS: abandoned - the client kept refusing creates
     12 item(s) in  0.9s  wire=3
      refused (verify decides): wire DCDC_VAUX: create failed!
      refused (verify decides): wire GND: create failed!
      refused (verify decides): wire +3V3_SYS: create failed!
      refused (verify decides): wire DCDC_PG: abandoned - the client kept refusing creates
      refused (verify decides): wire SYS: abandoned - the client kept refusing creates
      refused (verify decides): wire GND: abandoned - the client kept refusing creates
      refused (verify decides): wire SYS: abandoned - the client kept refusing creates
      refused (verify decides): wire GND: abandoned - the client kept refusing creates
      refused (verify decides): wire SYS: abandoned - the client kept refusing creates
     12 item(s) in  0.5s  wire=2
      refused (verify decides): wire GND: create failed!
      refused (verify decides): wire +3V3_SYS: create failed!
      refused (verify decides): wire GND: create failed!
      refused (verify decides): wire +3V3_SYS: abandoned - the client kept refusing creates
      refused (verify decides): wire GND: abandoned - the client kept refusing creates
      refused (verify decides): wire +3V3_SYS: abandoned - the client kept refusing creates
      refused (verify decides): wire GND: abandoned - the client kept refusing creates
      refused (verify decides): wire +1V8: abandoned - the client kept refusing creates
      refused (verify decides): wire GND: abandoned - the client kept refusing creates
      refused (verify decides): wire VBAT: abandoned - the client kept refusing creates
     12 item(s) in  0.8s  wire=3
      refused (verify decides): wire SYS: create failed!
      refused (verify decides): wire DCDC_CTRL: create failed!
      refused (verify decides): wire power_PWR_FLAG: create failed!
      refused (verify decides): wire power_PWR_FLAG: abandoned - the client kept refusing creates
      refused (verify decides): port BAT_NTC: abandoned - the client kept refusing creates
      refused (verify decides): port VBAT: abandoned - the client kept refusing creates
      refused (verify decides): port VBAT: abandoned - the client kept refusing creates
      refused (verify decides): port GND: abandoned - the client kept refusing creates
      refused (verify decides): port SYS: abandoned - the client kept refusing creates
     12 item(s) in  2.5s  port=12
     12 item(s) in  2.1s  port=12
     12 item(s) in  2.1s  port=12
     12 item(s) in  2.1s  port=12
     12 item(s) in  2.7s  port=12
     12 item(s) in  3.5s  port=12
     12 item(s) in  2.3s  port=12
     12 item(s) in  4.0s  flag=2 part=3 port=6 text=1
     12 item(s) in  3.7s  part=12
     12 item(s) in  2.9s  part=9 text=3
     12 item(s) in  0.4s  poly=4 text=3 wire=1
      refused (verify decides): wire GND: create failed!
      refused (verify decides): wire POGO_UART_TX: create failed!
      refused (verify decides): wire POGO_UART_RX: create failed!
      refused (verify decides): wire UART0_TX: abandoned - the client kept refusing creates
     12 item(s) in  0.2s  wire=1
      refused (verify decides): wire POGO_UART_RX: create failed!
      refused (verify decides): wire UART0_RX: create failed!
      refused (verify decides): wire POGO_UART_TX: create failed!
      refused (verify decides): wire POGO_UART_RX: abandoned - the client kept refusing creates
      refused (verify decides): wire GND: abandoned - the client kept refusing creates
      refused (verify decides): wire VBUS_5V: abandoned - the client kept refusing creates
      refused (verify decides): wire VBAT: abandoned - the client kept refusing creates
      refused (verify decides): wire VBAT_MODEM: abandoned - the client kept refusing creates
      refused (verify decides): wire +3V3_SYS: abandoned - the client kept refusing creates
      refused (verify decides): wire +1V8: abandoned - the client kept refusing creates
      refused (verify decides): wire GND: abandoned - the client kept refusing creates
     12 item(s) in  0.5s  wire=2
      refused (verify decides): wire I2C_SCL: create failed!
      refused (verify decides): wire I2C_SDA: create failed!
      refused (verify decides): wire MODEM_TX: create failed!
      refused (verify decides): wire MODEM_RX: abandoned - the client kept refusing creates
      refused (verify decides): wire MODEM_PWRKEY: abandoned - the client kept refusing creates
      refused (verify decides): wire ESP_USB_DP: abandoned - the client kept refusing creates
      refused (verify decides): wire ESP_USB_DM: abandoned - the client kept refusing creates
      refused (verify decides): wire MODEM_USB_DP: abandoned - the client kept refusing creates
      refused (verify decides): wire MODEM_USB_DM: abandoned - the client kept refusing creates
      refused (verify decides): wire ESP_EN: abandoned - the client kept refusing creates
     12 item(s) in  3.8s  port=9 wire=3
     12 item(s) in  2.4s  port=12
     12 item(s) in  2.4s  port=11 text=1
     12 item(s) in  4.2s  part=12
     12 item(s) in  1.9s  part=5 text=7
     12 item(s) in  0.3s  text=12
     12 item(s) in  0.5s  poly=8 wire=1
      refused (verify decides): wire AUDIO_MCLK: create failed!
      refused (verify decides): wire +3V3_SYS: create failed!
      refused (verify decides): wire +3V3_SYS: create failed!
     12 item(s) in  0.2s  wire=1
      refused (verify decides): wire I2S0_BCLK: create failed!
      refused (verify decides): wire I2S0_DIN: create failed!
      refused (verify decides): wire I2S0_LRCK: create failed!
      refused (verify decides): wire I2S0_DOUT: abandoned - the client kept refusing creates
      refused (verify decides): wire GND: abandoned - the client kept refusing creates
      refused (verify decides): wire +3V3_SYS: abandoned - the client kept refusing creates
      refused (verify decides): wire CODEC_DAC_P: abandoned - the client kept refusing creates
      refused (verify decides): wire CODEC_DAC_N: abandoned - the client kept refusing creates
      refused (verify decides): wire CODEC_DACVREF: abandoned - the client kept refusing creates
      refused (verify decides): wire CODEC_ADCVREF: abandoned - the client kept refusing creates
      refused (verify decides): wire CODEC_VMID: abandoned - the client kept refusing creates
     12 item(s) in  0.2s  wire=1
      refused (verify decides): wire CODEC_MIC_P: create failed!
      refused (verify decides): wire I2C_SDA: create failed!
      refused (verify decides): wire GND: create failed!
      refused (verify decides): wire MIC_SUPPLY_TBD: abandoned - the client kept refusing creates
      refused (verify decides): wire GND: abandoned - the client kept refusing creates
      refused (verify decides): wire MIC1_P: abandoned - the client kept refusing creates
      refused (verify decides): wire MIC1_N: abandoned - the client kept refusing creates
      refused (verify decides): wire AMP_SD: abandoned - the client kept refusing creates
      refused (verify decides): wire AMP_IN_P: abandoned - the client kept refusing creates
      refused (verify decides): wire AMP_IN_N: abandoned - the client kept refusing creates
      refused (verify decides): wire SPK_P: abandoned - the client kept refusing creates
     12 item(s) in  0.2s  wire=1
      refused (verify decides): wire GND: create failed!
      refused (verify decides): wire SPK_N: create failed!
      refused (verify decides): wire SPK_P: create failed!
      refused (verify decides): wire SPK_N: abandoned - the client kept refusing creates
      refused (verify decides): wire +3V3_SYS: abandoned - the client kept refusing creates
      refused (verify decides): wire GND: abandoned - the client kept refusing creates
      refused (verify decides): wire +3V3_SYS: abandoned - the client kept refusing creates
      refused (verify decides): wire GND: abandoned - the client kept refusing creates
      refused (verify decides): wire +3V3_SYS: abandoned - the client kept refusing creates
      refused (verify decides): wire GND: abandoned - the client kept refusing creates
      refused (verify decides): wire +3V3_SYS: abandoned - the client kept refusing creates
     12 item(s) in  0.2s  wire=1
      refused (verify decides): wire CODEC_DACVREF: create failed!
      refused (verify decides): wire GND: create failed!
      refused (verify decides): wire CODEC_ADCVREF: create failed!
      refused (verify decides): wire GND: abandoned - the client kept refusing creates
      refused (verify decides): wire CODEC_VMID: abandoned - the client kept refusing creates
      refused (verify decides): wire GND: abandoned - the client kept refusing creates
      refused (verify decides): wire MIC1_P: abandoned - the client kept refusing creates
      refused (verify decides): wire CODEC_MIC_P: abandoned - the client kept refusing creates
      refused (verify decides): wire MIC1_N: abandoned - the client kept refusing creates
      refused (verify decides): wire CODEC_MIC_N: abandoned - the client kept refusing creates
      refused (verify decides): wire CODEC_DAC_P: abandoned - the client kept refusing creates
     12 item(s) in  0.6s  wire=2
      refused (verify decides): wire AMP_IN_N: create failed!
      refused (verify decides): wire VBAT: create failed!
      refused (verify decides): wire GND: create failed!
      refused (verify decides): wire VBAT: abandoned - the client kept refusing creates
      refused (verify decides): wire GND: abandoned - the client kept refusing creates
      refused (verify decides): wire AMP_SD: abandoned - the client kept refusing creates
      refused (verify decides): wire GND: abandoned - the client kept refusing creates
      refused (verify decides): wire VBAT: abandoned - the client kept refusing creates
      refused (verify decides): wire AMP_SD: abandoned - the client kept refusing creates
      refused (verify decides): wire GND: abandoned - the client kept refusing creates
     12 item(s) in  3.6s  port=12
     12 item(s) in  3.1s  port=12
     12 item(s) in  3.1s  port=12
     12 item(s) in  3.2s  port=12
     12 item(s) in  3.2s  port=12
     12 item(s) in  1.4s  port=4 text=8
     12 item(s) in  1.1s  poly=4 text=4 wire=2
      refused (verify decides): wire LCD_SCLK: create failed!
      refused (verify decides): wire LCD_MOSI: create failed!
     12 item(s) in  1.2s  wire=3
      refused (verify decides): wire LCD_BL: create failed!
      refused (verify decides): wire TP_SCL: create failed!
      refused (verify decides): wire TP_SDA: create failed!
      refused (verify decides): wire TP_INT: abandoned - the client kept refusing creates
      refused (verify decides): port +3V3_SYS: abandoned - the client kept refusing creates
      refused (verify decides): port GND: abandoned - the client kept refusing creates
      refused (verify decides): port LCD_SCLK: abandoned - the client kept refusing creates
      refused (verify decides): port LCD_MOSI: abandoned - the client kept refusing creates
      refused (verify decides): port LCD_CS: abandoned - the client kept refusing creates
      7 item(s) in  2.6s  port=6 text=1
round 2: live flag=2 part=140 poly=60 port=412 text=154 wire=197 | missing=275 blocked=0 repair=0 stray=46
     12 item(s) in  0.2s  wire=1
      refused (verify decides): wire I2C_SDA: create failed!
      refused (verify decides): wire GND: create failed!
      refused (verify decides): wire HAPTIC_EN: create failed!
      refused (verify decides): wire +3V3_SYS: abandoned - the client kept refusing creates
      refused (verify decides): wire HAPTIC_P: abandoned - the client kept refusing creates
      refused (verify decides): wire GND: abandoned - the client kept refusing creates
      refused (verify decides): wire HAPTIC_N: abandoned - the client kept refusing creates
      refused (verify decides): wire +3V3_SYS: abandoned - the client kept refusing creates
      refused (verify decides): wire HAPTIC_P: abandoned - the client kept refusing creates
      refused (verify decides): wire HAPTIC_N: abandoned - the client kept refusing creates
      refused (verify decides): wire HAPTIC_REG: abandoned - the client kept refusing creates
     12 item(s) in  0.7s  wire=2
      refused (verify decides): wire GND: create failed!
      refused (verify decides): wire +3V3_SYS: create failed!
      refused (verify decides): wire IMU_INT2: create failed!
      refused (verify decides): wire +3V3_SYS: abandoned - the client kept refusing creates
      refused (verify decides): wire I2C_SCL: abandoned - the client kept refusing creates
      refused (verify decides): wire I2C_SDA: abandoned - the client kept refusing creates
      refused (verify decides): wire RTC_INT: abandoned - the client kept refusing creates
      refused (verify decides): wire GND: abandoned - the client kept refusing creates
      refused (verify decides): wire RTC_VBACKUP: abandoned - the client kept refusing creates
      refused (verify decides): wire +3V3_SYS: abandoned - the client kept refusing creates
     12 item(s) in  0.2s  wire=1
      refused (verify decides): wire +3V3_SYS: create failed!
      refused (verify decides): wire GND: create failed!
      refused (verify decides): wire +3V3_SYS: create failed!
      refused (verify decides): wire GND: abandoned - the client kept refusing creates
      refused (verify decides): wire +3V3_SYS: abandoned - the client kept refusing creates
      refused (verify decides): wire GND: abandoned - the client kept refusing creates
      refused (verify decides): wire +3V3_SYS: abandoned - the client kept refusing creates
      refused (verify decides): wire RTC_INT: abandoned - the client kept refusing creates
      refused (verify decides): wire RTC_VBACKUP: abandoned - the client kept refusing creates
      refused (verify decides): wire GND: abandoned - the client kept refusing creates
      refused (verify decides): port GND: abandoned - the client kept refusing creates
     12 item(s) in  1.6s  port=5 wire=1
      refused (verify decides): wire +3V3_SYS: create failed!
      refused (verify decides): wire ESP_EN: create failed!
      refused (verify decides): wire ESP_BOOT: create failed!
      refused (verify decides): wire BTN_SOS: abandoned - the client kept refusing creates
      refused (verify decides): wire I2C_SCL: abandoned - the client kept refusing creates
      refused (verify decides): wire IMU_INT1: abandoned - the client kept refusing creates
     12 item(s) in  0.7s  wire=2
      refused (verify decides): wire BAT_ALERT: create failed!
      refused (verify decides): wire LCD_CS: create failed!
      refused (verify decides): wire LCD_MOSI: create failed!
      refused (verify decides): wire LCD_SCLK: abandoned - the client kept refusing creates
      refused (verify decides): wire LCD_DC: abandoned - the client kept refusing creates
      refused (verify decides): wire I2S0_BCLK: abandoned - the client kept refusing creates
      refused (verify decides): wire I2S0_LRCK: abandoned - the client kept refusing creates
      refused (verify decides): wire I2S0_DOUT: abandoned - the client kept refusing creates
      refused (verify decides): wire I2S0_DIN: abandoned - the client kept refusing creates
      refused (verify decides): wire AUDIO_MCLK: abandoned - the client kept refusing creates
     12 item(s) in  0.2s  wire=1
      refused (verify decides): wire ESP_USB_DP_RAW: create failed!
      refused (verify decides): wire MCU_MODEM_TX: create failed!
      refused (verify decides): wire LCD_RST: create failed!
      refused (verify decides): wire LCD_BL: abandoned - the client kept refusing creates
      refused (verify decides): wire MCU_MODEM_RX: abandoned - the client kept refusing creates
      refused (verify decides): wire MCU_PCM_CLK: abandoned - the client kept refusing creates
      refused (verify decides): wire MCU_PCM_DOUT: abandoned - the client kept refusing creates
      refused (verify decides): wire UART0_TX: abandoned - the client kept refusing creates
      refused (verify decides): wire UART0_RX: abandoned - the client kept refusing creates
      refused (verify decides): wire +3V3_SYS: abandoned - the client kept refusing creates
      refused (verify decides): wire +3V3_SYS: abandoned - the client kept refusing creates
     12 item(s) in  0.2s  wire=1
      refused (verify decides): wire +3V3_SYS: create failed!
      refused (verify decides): wire ESP_EN: create failed!
      refused (verify decides): wire ESP_EN: create failed!
      refused (verify decides): wire ESP_BOOT: abandoned - the client kept refusing creates
      refused (verify decides): wire +3V3_SYS: abandoned - the client kept refusing creates
      refused (verify decides): wire I2C_SCL: abandoned - the client kept refusing creates
      refused (verify decides): wire +3V3_SYS: abandoned - the client kept refusing creates
      refused (verify decides): wire I2C_SDA: abandoned - the client kept refusing creates
      refused (verify decides): wire ESP_USB_DP_RAW: abandoned - the client kept refusing creates
      refused (verify decides): wire ESP_USB_DP: abandoned - the client kept refusing creates
      refused (verify decides): wire ESP_USB_DM_RAW: abandoned - the client kept refusing creates
     12 item(s) in  1.2s  wire=3
      refused (verify decides): wire GND: create failed!
      refused (verify decides): wire +3V3_SYS: create failed!
      refused (verify decides): wire GND: create failed!
      refused (verify decides): wire +3V3_SYS: abandoned - the client kept refusing creates
      refused (verify decides): wire GND: abandoned - the client kept refusing creates
      refused (verify decides): wire +3V3_SYS: abandoned - the client kept refusing creates
      refused (verify decides): wire GND: abandoned - the client kept refusing creates
      refused (verify decides): wire +3V3_SYS: abandoned - the client kept refusing creates
      refused (verify decides): wire GND: abandoned - the client kept refusing creates
     12 item(s) in  0.2s  wire=1
      refused (verify decides): wire VBAT: create failed!
      refused (verify decides): wire VBAT: create failed!
      refused (verify decides): wire GND: create failed!
      refused (verify decides): wire GND: abandoned - the client kept refusing creates
      refused (verify decides): wire PGOOD: abandoned - the client kept refusing creates
      refused (verify decides): wire GND: abandoned - the client kept refusing creates
      refused (verify decides): wire CHG_STATUS: abandoned - the client kept refusing creates
      refused (verify decides): wire SYS: abandoned - the client kept refusing creates
      refused (verify decides): wire SYS: abandoned - the client kept refusing creates
      refused (verify decides): wire CHG_ILIM: abandoned - the client kept refusing creates
      refused (verify decides): wire VBUS_5V: abandoned - the client kept refusing creates
     12 item(s) in  0.2s  wire=1
      refused (verify decides): wire GND: create failed!
      refused (verify decides): wire DCDC_CTRL: create failed!
      refused (verify decides): wire DCDC_VAUX: create failed!
      refused (verify decides): wire GND: abandoned - the client kept refusing creates
      refused (verify decides): wire DCDC_FB: abandoned - the client kept refusing creates
      refused (verify decides): wire +3V3_SYS: abandoned - the client kept refusing creates
      refused (verify decides): wire +3V3_SYS: abandoned - the client kept refusing creates
      refused (verify decides): wire DCDC_L2: abandoned - the client kept refusing creates
      refused (verify decides): wire GND: abandoned - the client kept refusing creates
      refused (verify decides): wire DCDC_L1: abandoned - the client kept refusing creates
      refused (verify decides): wire SYS: abandoned - the client kept refusing creates
     12 item(s) in  0.2s  wire=1
      refused (verify decides): wire DCDC_CTRL: create failed!
      refused (verify decides): wire GND: create failed!
      refused (verify decides): wire +3V3_SYS: create failed!
      refused (verify decides): wire +1V8: abandoned - the client kept refusing creates
      refused (verify decides): wire GND: abandoned - the client kept refusing creates
      refused (verify decides): wire VBAT: abandoned - the client kept refusing creates
      refused (verify decides): wire VBAT: abandoned - the client kept refusing creates
      refused (verify decides): wire GND: abandoned - the client kept refusing creates
      refused (verify decides): wire BAT_ALERT: abandoned - the client kept refusing creates
      refused (verify decides): wire GND: abandoned - the client kept refusing creates
      refused (verify decides): wire I2C_SCL: abandoned - the client kept refusing creates
     12 item(s) in  0.7s  wire=2
      refused (verify decides): wire GND: create failed!
      refused (verify decides): wire BAT_NTC: create failed!
      refused (verify decides): wire VBUS_5V: create failed!
      refused (verify decides): wire GND: abandoned - the client kept refusing creates
      refused (verify decides): wire CHG_ISET: abandoned - the client kept refusing creates
      refused (verify decides): wire GND: abandoned - the client kept refusing creates
      refused (verify decides): wire CHG_ILIM: abandoned - the client kept refusing creates
      refused (verify decides): wire GND: abandoned - the client kept refusing creates
      refused (verify decides): wire +3V3_SYS: abandoned - the client kept refusing creates
      refused (verify decides): wire +3V3_SYS: abandoned - the client kept refusing creates
     12 item(s) in  0.7s  wire=2
      refused (verify decides): wire GND: create failed!
      refused (verify decides): wire VBAT: create failed!
      refused (verify decides): wire GND: create failed!
      refused (verify decides): wire SYS: abandoned - the client kept refusing creates
      refused (verify decides): wire GND: abandoned - the client kept refusing creates
      refused (verify decides): wire DCDC_L1: abandoned - the client kept refusing creates
      refused (verify decides): wire DCDC_L2: abandoned - the client kept refusing creates
      refused (verify decides): wire +3V3_SYS: abandoned - the client kept refusing creates
      refused (verify decides): wire DCDC_VAUX: abandoned - the client kept refusing creates
      refused (verify decides): wire GND: abandoned - the client kept refusing creates
     12 item(s) in  0.7s  wire=2
      refused (verify decides): wire SYS: create failed!
      refused (verify decides): wire GND: create failed!
      refused (verify decides): wire SYS: create failed!
      refused (verify decides): wire GND: abandoned - the client kept refusing creates
      refused (verify decides): wire SYS: abandoned - the client kept refusing creates
      refused (verify decides): wire GND: abandoned - the client kept refusing creates
      refused (verify decides): wire +3V3_SYS: abandoned - the client kept refusing creates
      refused (verify decides): wire GND: abandoned - the client kept refusing creates
      refused (verify decides): wire +3V3_SYS: abandoned - the client kept refusing creates
      refused (verify decides): wire GND: abandoned - the client kept refusing creates
     12 item(s) in  0.8s  wire=2
      refused (verify decides): wire +1V8: create failed!
      refused (verify decides): wire GND: create failed!
      refused (verify decides): wire VBAT: create failed!
      refused (verify decides): wire SYS: abandoned - the client kept refusing creates
      refused (verify decides): wire DCDC_CTRL: abandoned - the client kept refusing creates
      refused (verify decides): wire power_PWR_FLAG: abandoned - the client kept refusing creates
      refused (verify decides): wire power_PWR_FLAG: abandoned - the client kept refusing creates
      refused (verify decides): port BAT_NTC: abandoned - the client kept refusing creates
      refused (verify decides): port VBAT: abandoned - the client kept refusing creates
      refused (verify decides): port VBAT: abandoned - the client kept refusing creates
     12 item(s) in  2.3s  port=2 wire=4
      refused (verify decides): wire POGO_UART_RX: create failed!
      refused (verify decides): wire UART0_RX: create failed!
      refused (verify decides): wire POGO_UART_TX: create failed!
      refused (verify decides): wire POGO_UART_RX: abandoned - the client kept refusing creates
      refused (verify decides): wire GND: abandoned - the client kept refusing creates
      refused (verify decides): wire VBUS_5V: abandoned - the client kept refusing creates
     12 item(s) in  0.2s  wire=1
      refused (verify decides): wire VBAT_MODEM: create failed!
      refused (verify decides): wire +3V3_SYS: create failed!
      refused (verify decides): wire +1V8: create failed!
      refused (verify decides): wire GND: abandoned - the client kept refusing creates
      refused (verify decides): wire I2C_SCL: abandoned - the client kept refusing creates
      refused (verify decides): wire I2C_SDA: abandoned - the client kept refusing creates
      refused (verify decides): wire MODEM_TX: abandoned - the client kept refusing creates
      refused (verify decides): wire MODEM_RX: abandoned - the client kept refusing creates
      refused (verify decides): wire MODEM_PWRKEY: abandoned - the client kept refusing creates
      refused (verify decides): wire ESP_USB_DP: abandoned - the client kept refusing creates
      refused (verify decides): wire ESP_USB_DM: abandoned - the client kept refusing creates
     12 item(s) in  0.2s  wire=1
      refused (verify decides): wire MODEM_USB_DM: create failed!
      refused (verify decides): wire ESP_EN: create failed!
      refused (verify decides): wire AUDIO_MCLK: create failed!
      refused (verify decides): wire +3V3_SYS: abandoned - the client kept refusing creates
      refused (verify decides): wire +3V3_SYS: abandoned - the client kept refusing creates
      refused (verify decides): wire I2S0_BCLK: abandoned - the client kept refusing creates
      refused (verify decides): wire I2S0_DIN: abandoned - the client kept refusing creates
      refused (verify decides): wire I2S0_LRCK: abandoned - the client kept refusing creates
      refused (verify decides): wire I2S0_DOUT: abandoned - the client kept refusing creates
      refused (verify decides): wire GND: abandoned - the client kept refusing creates
      refused (verify decides): wire +3V3_SYS: abandoned - the client kept refusing creates
     12 item(s) in  0.7s  wire=2
      refused (verify decides): wire CODEC_DACVREF: create failed!
      refused (verify decides): wire CODEC_ADCVREF: create failed!
      refused (verify decides): wire CODEC_VMID: create failed!
      refused (verify decides): wire CODEC_MIC_P: abandoned - the client kept refusing creates
      refused (verify decides): wire I2C_SDA: abandoned - the client kept refusing creates
      refused (verify decides): wire GND: abandoned - the client kept refusing creates
      refused (verify decides): wire MIC_SUPPLY_TBD: abandoned - the client kept refusing creates
      refused (verify decides): wire GND: abandoned - the client kept refusing creates
      refused (verify decides): wire MIC1_P: abandoned - the client kept refusing creates
      refused (verify decides): wire MIC1_N: abandoned - the client kept refusing creates
     12 item(s) in  0.2s  wire=1
      refused (verify decides): wire AMP_IN_P: create failed!
      refused (verify decides): wire AMP_IN_N: create failed!
      refused (verify decides): wire SPK_P: create failed!
      refused (verify decides): wire GND: abandoned - the client kept refusing creates
      refused (verify decides): wire SPK_N: abandoned - the client kept refusing creates
      refused (verify decides): wire SPK_P: abandoned - the client kept refusing creates
      refused (verify decides): wire SPK_N: abandoned - the client kept refusing creates
      refused (verify decides): wire +3V3_SYS: abandoned - the client kept refusing creates
      refused (verify decides): wire GND: abandoned - the client kept refusing creates
      refused (verify decides): wire +3V3_SYS: abandoned - the client kept refusing creates
      refused (verify decides): wire GND: abandoned - the client kept refusing creates
     12 item(s) in  0.2s  wire=1
      refused (verify decides): wire GND: create failed!
      refused (verify decides): wire +3V3_SYS: create failed!
      refused (verify decides): wire CODEC_DACVREF: create failed!
      refused (verify decides): wire GND: abandoned - the client kept refusing creates
      refused (verify decides): wire CODEC_ADCVREF: abandoned - the client kept refusing creates
      refused (verify decides): wire GND: abandoned - the client kept refusing creates
      refused (verify decides): wire CODEC_VMID: abandoned - the client kept refusing creates
      refused (verify decides): wire GND: abandoned - the client kept refusing creates
      refused (verify decides): wire MIC1_P: abandoned - the client kept refusing creates
      refused (verify decides): wire CODEC_MIC_P: abandoned - the client kept refusing creates
      refused (verify decides): wire MIC1_N: abandoned - the client kept refusing creates
     12 item(s) in  0.3s  wire=1
      refused (verify decides): wire CODEC_DAC_P: create failed!
      refused (verify decides): wire AMP_IN_N: create failed!
      refused (verify decides): wire VBAT: create failed!
      refused (verify decides): wire GND: abandoned - the client kept refusing creates
      refused (verify decides): wire VBAT: abandoned - the client kept refusing creates
      refused (verify decides): wire GND: abandoned - the client kept refusing creates
      refused (verify decides): wire AMP_SD: abandoned - the client kept refusing creates
      refused (verify decides): wire GND: abandoned - the client kept refusing creates
      refused (verify decides): wire VBAT: abandoned - the client kept refusing creates
      refused (verify decides): wire AMP_SD: abandoned - the client kept refusing creates
      refused (verify decides): wire GND: abandoned - the client kept refusing creates
     11 item(s) in  0.9s  wire=2
      refused (verify decides): wire LCD_BL: create failed!
      refused (verify decides): wire TP_SCL: create failed!
      refused (verify decides): wire TP_SDA: create failed!
      refused (verify decides): wire TP_INT: abandoned - the client kept refusing creates
      refused (verify decides): port +3V3_SYS: abandoned - the client kept refusing creates
      refused (verify decides): port GND: abandoned - the client kept refusing creates
      refused (verify decides): port LCD_SCLK: abandoned - the client kept refusing creates
      refused (verify decides): port LCD_MOSI: abandoned - the client kept refusing creates
      refused (verify decides): port LCD_CS: abandoned - the client kept refusing creates
round 3: live flag=2 part=140 poly=60 port=419 text=154 wire=230 | missing=232 blocked=0 repair=0 stray=43
     12 item(s) in  0.7s  wire=2
      refused (verify decides): wire HAPTIC_EN: create failed!
      refused (verify decides): wire +3V3_SYS: create failed!
      refused (verify decides): wire HAPTIC_P: create failed!
      refused (verify decides): wire GND: abandoned - the client kept refusing creates
      refused (verify decides): wire HAPTIC_N: abandoned - the client kept refusing creates
      refused (verify decides): wire +3V3_SYS: abandoned - the client kept refusing creates
      refused (verify decides): wire HAPTIC_P: abandoned - the client kept refusing creates
      refused (verify decides): wire HAPTIC_N: abandoned - the client kept refusing creates
      refused (verify decides): wire HAPTIC_REG: abandoned - the client kept refusing creates
      refused (verify decides): wire GND: abandoned - the client kept refusing creates
     12 item(s) in  0.6s  wire=2
      refused (verify decides): wire +3V3_SYS: create failed!
      refused (verify decides): wire I2C_SCL: create failed!
      refused (verify decides): wire I2C_SDA: create failed!
      refused (verify decides): wire RTC_INT: abandoned - the client kept refusing creates
      refused (verify decides): wire GND: abandoned - the client kept refusing creates
      refused (verify decides): wire RTC_VBACKUP: abandoned - the client kept refusing creates
      refused (verify decides): wire +3V3_SYS: abandoned - the client kept refusing creates
      refused (verify decides): wire +3V3_SYS: abandoned - the client kept refusing creates
      refused (verify decides): wire GND: abandoned - the client kept refusing creates
      refused (verify decides): wire +3V3_SYS: abandoned - the client kept refusing creates
     12 item(s) in  0.2s  wire=1
      refused (verify decides): wire +3V3_SYS: create failed!
      refused (verify decides): wire GND: create failed!
      refused (verify decides): wire +3V3_SYS: create failed!
      refused (verify decides): wire RTC_INT: abandoned - the client kept refusing creates
      refused (verify decides): wire RTC_VBACKUP: abandoned - the client kept refusing creates
      refused (verify decides): wire GND: abandoned - the client kept refusing creates
      refused (verify decides): port GND: abandoned - the client kept refusing creates
      refused (verify decides): wire +3V3_SYS: abandoned - the client kept refusing creates
      refused (verify decides): wire ESP_EN: abandoned - the client kept refusing creates
      refused (verify decides): wire ESP_BOOT: abandoned - the client kept refusing creates
      refused (verify decides): wire BTN_SOS: abandoned - the client kept refusing creates
     12 item(s) in  0.8s  wire=2
      refused (verify decides): wire BAT_ALERT: create failed!
      refused (verify decides): wire LCD_CS: create failed!
      refused (verify decides): wire LCD_MOSI: create failed!
      refused (verify decides): wire LCD_SCLK: abandoned - the client kept refusing creates
      refused (verify decides): wire LCD_DC: abandoned - the client kept refusing creates
      refused (verify decides): wire I2S0_BCLK: abandoned - the client kept refusing creates
      refused (verify decides): wire I2S0_LRCK: abandoned - the client kept refusing creates
      refused (verify decides): wire I2S0_DOUT: abandoned - the client kept refusing creates
      refused (verify decides): wire I2S0_DIN: abandoned - the client kept refusing creates
      refused (verify decides): wire AUDIO_MCLK: abandoned - the client kept refusing creates
     12 item(s) in  0.4s  wire=1
      refused (verify decides): wire MCU_MODEM_TX: create failed!
      refused (verify decides): wire LCD_RST: create failed!
      refused (verify decides): wire LCD_BL: create failed!
      refused (verify decides): wire MCU_MODEM_RX: abandoned - the client kept refusing creates
      refused (verify decides): wire MCU_PCM_CLK: abandoned - the client kept refusing creates
      refused (verify decides): wire MCU_PCM_DOUT: abandoned - the client kept refusing creates
      refused (verify decides): wire UART0_TX: abandoned - the client kept refusing creates
      refused (verify decides): wire UART0_RX: abandoned - the client kept refusing creates
      refused (verify decides): wire +3V3_SYS: abandoned - the client kept refusing creates
      refused (verify decides): wire +3V3_SYS: abandoned - the client kept refusing creates
      refused (verify decides): wire +3V3_SYS: abandoned - the client kept refusing creates
     12 item(s) in  0.2s  wire=1
      refused (verify decides): wire ESP_EN: create failed!
      refused (verify decides): wire ESP_BOOT: create failed!
      refused (verify decides): wire +3V3_SYS: create failed!
      refused (verify decides): wire I2C_SCL: abandoned - the client kept refusing creates
      refused (verify decides): wire +3V3_SYS: abandoned - the client kept refusing creates
      refused (verify decides): wire I2C_SDA: abandoned - the client kept refusing creates
      refused (verify decides): wire ESP_USB_DP_RAW: abandoned - the client kept refusing creates
      refused (verify decides): wire ESP_USB_DP: abandoned - the client kept refusing creates
      refused (verify decides): wire ESP_USB_DM_RAW: abandoned - the client kept refusing creates
      refused (verify decides): wire GND: abandoned - the client kept refusing creates
      refused (verify decides): wire +3V3_SYS: abandoned - the client kept refusing creates
     12 item(s) in  0.2s  wire=1
      refused (verify decides): wire +3V3_SYS: create failed!
      refused (verify decides): wire GND: create failed!
      refused (verify decides): wire +3V3_SYS: create failed!
      refused (verify decides): wire GND: abandoned - the client kept refusing creates
      refused (verify decides): wire +3V3_SYS: abandoned - the client kept refusing creates
      refused (verify decides): wire GND: abandoned - the client kept refusing creates
      refused (verify decides): wire VBAT: abandoned - the client kept refusing creates
      refused (verify decides): wire VBAT: abandoned - the client kept refusing creates
      refused (verify decides): wire GND: abandoned - the client kept refusing creates
      refused (verify decides): wire GND: abandoned - the client kept refusing creates
      refused (verify decides): wire PGOOD: abandoned - the client kept refusing creates
     12 item(s) in  0.7s  wire=2
      refused (verify decides): wire SYS: create failed!
      refused (verify decides): wire SYS: create failed!
      refused (verify decides): wire CHG_ILIM: create failed!
      refused (verify decides): wire VBUS_5V: abandoned - the client kept refusing creates
      refused (verify decides): wire GND: abandoned - the client kept refusing creates
      refused (verify decides): wire DCDC_CTRL: abandoned - the client kept refusing creates
      refused (verify decides): wire DCDC_VAUX: abandoned - the client kept refusing creates
      refused (verify decides): wire GND: abandoned - the client kept refusing creates
      refused (verify decides): wire DCDC_FB: abandoned - the client kept refusing creates
      refused (verify decides): wire +3V3_SYS: abandoned - the client kept refusing creates
     12 item(s) in  0.2s  wire=1
      refused (verify decides): wire DCDC_L2: create failed!
      refused (verify decides): wire GND: create failed!
      refused (verify decides): wire DCDC_L1: create failed!
      refused (verify decides): wire SYS: abandoned - the client kept refusing creates
      refused (verify decides): wire DCDC_CTRL: abandoned - the client kept refusing creates
      refused (verify decides): wire GND: abandoned - the client kept refusing creates
      refused (verify decides): wire +3V3_SYS: abandoned - the client kept refusing creates
      refused (verify decides): wire +1V8: abandoned - the client kept refusing creates
      refused (verify decides): wire GND: abandoned - the client kept refusing creates
      refused (verify decides): wire VBAT: abandoned - the client kept refusing creates
      refused (verify decides): wire VBAT: abandoned - the client kept refusing creates
     12 item(s) in  1.2s  wire=3
      refused (verify decides): wire I2C_SCL: create failed!
      refused (verify decides): wire GND: create failed!
      refused (verify decides): wire BAT_NTC: create failed!
      refused (verify decides): wire VBUS_5V: abandoned - the client kept refusing creates
      refused (verify decides): wire GND: abandoned - the client kept refusing creates
      refused (verify decides): wire CHG_ISET: abandoned - the client kept refusing creates
      refused (verify decides): wire GND: abandoned - the client kept refusing creates
      refused (verify decides): wire CHG_ILIM: abandoned - the client kept refusing creates
      refused (verify decides): wire GND: abandoned - the client kept refusing creates
     12 item(s) in  0.2s  wire=1
      refused (verify decides): wire +3V3_SYS: create failed!
      refused (verify decides): wire GND: create failed!
      refused (verify decides): wire VBAT: create failed!
      refused (verify decides): wire GND: abandoned - the client kept refusing creates
      refused (verify decides): wire SYS: abandoned - the client kept refusing creates
      refused (verify decides): wire GND: abandoned - the client kept refusing creates
      refused (verify decides): wire DCDC_L1: abandoned - the client kept refusing creates
      refused (verify decides): wire DCDC_L2: abandoned - the client kept refusing creates
      refused (verify decides): wire +3V3_SYS: abandoned - the client kept refusing creates
      refused (verify decides): wire DCDC_VAUX: abandoned - the client kept refusing creates
      refused (verify decides): wire GND: abandoned - the client kept refusing creates
     12 item(s) in  0.6s  wire=2
      refused (verify decides): wire SYS: create failed!
      refused (verify decides): wire GND: create failed!
      refused (verify decides): wire SYS: create failed!
      refused (verify decides): wire GND: abandoned - the client kept refusing creates
      refused (verify decides): wire +3V3_SYS: abandoned - the client kept refusing creates
      refused (verify decides): wire GND: abandoned - the client kept refusing creates
      refused (verify decides): wire +3V3_SYS: abandoned - the client kept refusing creates
      refused (verify decides): wire GND: abandoned - the client kept refusing creates
      refused (verify decides): wire +1V8: abandoned - the client kept refusing creates
      refused (verify decides): wire GND: abandoned - the client kept refusing creates
     12 item(s) in  0.7s  wire=2
      refused (verify decides): wire DCDC_CTRL: create failed!
      refused (verify decides): wire power_PWR_FLAG: create failed!
      refused (verify decides): wire power_PWR_FLAG: create failed!
      refused (verify decides): port BAT_NTC: abandoned - the client kept refusing creates
      refused (verify decides): port VBAT: abandoned - the client kept refusing creates
      refused (verify decides): port VBAT: abandoned - the client kept refusing creates
      refused (verify decides): wire POGO_UART_RX: abandoned - the client kept refusing creates
      refused (verify decides): wire UART0_RX: abandoned - the client kept refusing creates
      refused (verify decides): wire POGO_UART_TX: abandoned - the client kept refusing creates
      refused (verify decides): wire POGO_UART_RX: abandoned - the client kept refusing creates
     12 item(s) in  0.7s  wire=2
      refused (verify decides): wire VBAT_MODEM: create failed!
      refused (verify decides): wire +3V3_SYS: create failed!
      refused (verify decides): wire +1V8: create failed!
      refused (verify decides): wire GND: abandoned - the client kept refusing creates
      refused (verify decides): wire I2C_SCL: abandoned - the client kept refusing creates
      refused (verify decides): wire I2C_SDA: abandoned - the client kept refusing creates
      refused (verify decides): wire MODEM_TX: abandoned - the client kept refusing creates
      refused (verify decides): wire MODEM_RX: abandoned - the client kept refusing creates
      refused (verify decides): wire MODEM_PWRKEY: abandoned - the client kept refusing creates
      refused (verify decides): wire ESP_USB_DP: abandoned - the client kept refusing creates
     12 item(s) in  0.2s  wire=1
      refused (verify decides): wire MODEM_USB_DM: create failed!
      refused (verify decides): wire ESP_EN: create failed!
      refused (verify decides): wire AUDIO_MCLK: create failed!
      refused (verify decides): wire +3V3_SYS: abandoned - the client kept refusing creates
      refused (verify decides): wire +3V3_SYS: abandoned - the client kept refusing creates
      refused (verify decides): wire I2S0_BCLK: abandoned - the client kept refusing creates
      refused (verify decides): wire I2S0_DIN: abandoned - the client kept refusing creates
      refused (verify decides): wire I2S0_LRCK: abandoned - the client kept refusing creates
      refused (verify decides): wire I2S0_DOUT: abandoned - the client kept refusing creates
      refused (verify decides): wire GND: abandoned - the client kept refusing creates
      refused (verify decides): wire +3V3_SYS: abandoned - the client kept refusing creates
     12 item(s) in  0.2s  wire=1
      refused (verify decides): wire CODEC_ADCVREF: create failed!
      refused (verify decides): wire CODEC_VMID: create failed!
      refused (verify decides): wire CODEC_MIC_P: create failed!
      refused (verify decides): wire I2C_SDA: abandoned - the client kept refusing creates
      refused (verify decides): wire GND: abandoned - the client kept refusing creates
      refused (verify decides): wire MIC_SUPPLY_TBD: abandoned - the client kept refusing creates
      refused (verify decides): wire GND: abandoned - the client kept refusing creates
      refused (verify decides): wire MIC1_P: abandoned - the client kept refusing creates
      refused (verify decides): wire MIC1_N: abandoned - the client kept refusing creates
      refused (verify decides): wire AMP_IN_P: abandoned - the client kept refusing creates
      refused (verify decides): wire AMP_IN_N: abandoned - the client kept refusing creates
     12 item(s) in  1.2s  wire=3
      refused (verify decides): wire SPK_P: create failed!
      refused (verify decides): wire SPK_N: create failed!
      refused (verify decides): wire +3V3_SYS: create failed!
      refused (verify decides): wire GND: abandoned - the client kept refusing creates
      refused (verify decides): wire +3V3_SYS: abandoned - the client kept refusing creates
      refused (verify decides): wire GND: abandoned - the client kept refusing creates
      refused (verify decides): wire GND: abandoned - the client kept refusing creates
      refused (verify decides): wire +3V3_SYS: abandoned - the client kept refusing creates
      refused (verify decides): wire CODEC_DACVREF: abandoned - the client kept refusing creates
     12 item(s) in  0.2s  wire=1
      refused (verify decides): wire CODEC_ADCVREF: create failed!
      refused (verify decides): wire GND: create failed!
      refused (verify decides): wire CODEC_VMID: create failed!
      refused (verify decides): wire GND: abandoned - the client kept refusing creates
      refused (verify decides): wire MIC1_P: abandoned - the client kept refusing creates
      refused (verify decides): wire CODEC_MIC_P: abandoned - the client kept refusing creates
      refused (verify decides): wire MIC1_N: abandoned - the client kept refusing creates
      refused (verify decides): wire CODEC_DAC_P: abandoned - the client kept refusing creates
      refused (verify decides): wire AMP_IN_N: abandoned - the client kept refusing creates
      refused (verify decides): wire VBAT: abandoned - the client kept refusing creates
      refused (verify decides): wire GND: abandoned - the client kept refusing creates
     12 item(s) in  0.2s  wire=1
      refused (verify decides): wire GND: create failed!
      refused (verify decides): wire AMP_SD: create failed!
      refused (verify decides): wire GND: create failed!
      refused (verify decides): wire VBAT: abandoned - the client kept refusing creates
      refused (verify decides): wire AMP_SD: abandoned - the client kept refusing creates
      refused (verify decides): wire GND: abandoned - the client kept refusing creates
      refused (verify decides): wire LCD_BL: abandoned - the client kept refusing creates
      refused (verify decides): wire TP_SCL: abandoned - the client kept refusing creates
      refused (verify decides): wire TP_SDA: abandoned - the client kept refusing creates
      refused (verify decides): wire TP_INT: abandoned - the client kept refusing creates
      refused (verify decides): port +3V3_SYS: abandoned - the client kept refusing creates
      4 item(s) in  1.1s  port=4
round 4: live flag=2 part=140 poly=60 port=423 text=154 wire=257 | missing=198 blocked=0 repair=0 stray=40
     12 item(s) in  0.2s  wire=1
      refused (verify decides): wire +3V3_SYS: create failed!
      refused (verify decides): wire HAPTIC_P: create failed!
      refused (verify decides): wire GND: create failed!
      refused (verify decides): wire HAPTIC_N: abandoned - the client kept refusing creates
      refused (verify decides): wire +3V3_SYS: abandoned - the client kept refusing creates
      refused (verify decides): wire HAPTIC_P: abandoned - the client kept refusing creates
      refused (verify decides): wire HAPTIC_N: abandoned - the client kept refusing creates
      refused (verify decides): wire HAPTIC_REG: abandoned - the client kept refusing creates
      refused (verify decides): wire GND: abandoned - the client kept refusing creates
      refused (verify decides): wire +3V3_SYS: abandoned - the client kept refusing creates
      refused (verify decides): wire I2C_SCL: abandoned - the client kept refusing creates
     12 item(s) in  2.4s  wire=5
      refused (verify decides): wire +3V3_SYS: create failed!
      refused (verify decides): wire GND: create failed!
      refused (verify decides): wire +3V3_SYS: create failed!
      refused (verify decides): wire +3V3_SYS: abandoned - the client kept refusing creates
      refused (verify decides): wire GND: abandoned - the client kept refusing creates
      refused (verify decides): wire +3V3_SYS: abandoned - the client kept refusing creates
      refused (verify decides): wire RTC_INT: abandoned - the client kept refusing creates
     12 item(s) in  1.7s  port=1 wire=3
      refused (verify decides): wire ESP_EN: create failed!
      refused (verify decides): wire ESP_BOOT: create failed!
      refused (verify decides): wire BTN_SOS: create failed!
      refused (verify decides): wire BAT_ALERT: abandoned - the client kept refusing creates
      refused (verify decides): wire LCD_CS: abandoned - the client kept refusing creates
      refused (verify decides): wire LCD_MOSI: abandoned - the client kept refusing creates
      refused (verify decides): wire LCD_SCLK: abandoned - the client kept refusing creates
      refused (verify decides): wire LCD_DC: abandoned - the client kept refusing creates
     12 item(s) in  0.2s  wire=1
      refused (verify decides): wire I2S0_LRCK: create failed!
      refused (verify decides): wire I2S0_DOUT: create failed!
      refused (verify decides): wire I2S0_DIN: create failed!
      refused (verify decides): wire AUDIO_MCLK: abandoned - the client kept refusing creates
      refused (verify decides): wire MCU_MODEM_TX: abandoned - the client kept refusing creates
      refused (verify decides): wire LCD_RST: abandoned - the client kept refusing creates
      refused (verify decides): wire LCD_BL: abandoned - the client kept refusing creates
      refused (verify decides): wire MCU_MODEM_RX: abandoned - the client kept refusing creates
      refused (verify decides): wire MCU_PCM_CLK: abandoned - the client kept refusing creates
      refused (verify decides): wire MCU_PCM_DOUT: abandoned - the client kept refusing creates
      refused (verify decides): wire UART0_TX: abandoned - the client kept refusing creates
     12 item(s) in  0.2s  wire=1
      refused (verify decides): wire +3V3_SYS: create failed!
      refused (verify decides): wire +3V3_SYS: create failed!
      refused (verify decides): wire +3V3_SYS: create failed!
      refused (verify decides): wire ESP_EN: abandoned - the client kept refusing creates
      refused (verify decides): wire ESP_BOOT: abandoned - the client kept refusing creates
      refused (verify decides): wire +3V3_SYS: abandoned - the client kept refusing creates
      refused (verify decides): wire I2C_SCL: abandoned - the client kept refusing creates
      refused (verify decides): wire +3V3_SYS: abandoned - the client kept refusing creates
      refused (verify decides): wire I2C_SDA: abandoned - the client kept refusing creates
      refused (verify decides): wire ESP_USB_DP_RAW: abandoned - the client kept refusing creates
      refused (verify decides): wire ESP_USB_DP: abandoned - the client kept refusing creates
     12 item(s) in  0.2s  wire=1
      refused (verify decides): wire GND: create failed!
      refused (verify decides): wire +3V3_SYS: create failed!
      refused (verify decides): wire +3V3_SYS: create failed!
      refused (verify decides): wire GND: abandoned - the client kept refusing creates
      refused (verify decides): wire +3V3_SYS: abandoned - the client kept refusing creates
      refused (verify decides): wire GND: abandoned - the client kept refusing creates
      refused (verify decides): wire +3V3_SYS: abandoned - the client kept refusing creates
      refused (verify decides): wire GND: abandoned - the client kept refusing creates
      refused (verify decides): wire VBAT: abandoned - the client kept refusing creates
      refused (verify decides): wire VBAT: abandoned - the client kept refusing creates
      refused (verify decides): wire GND: abandoned - the client kept refusing creates
     12 item(s) in  1.0s  wire=2
      refused (verify decides): wire SYS: create failed!
      refused (verify decides): wire SYS: create failed!
      refused (verify decides): wire CHG_ILIM: create failed!
      refused (verify decides): wire VBUS_5V: abandoned - the client kept refusing creates
      refused (verify decides): wire GND: abandoned - the client kept refusing creates
      refused (verify decides): wire DCDC_CTRL: abandoned - the client kept refusing creates
      refused (verify decides): wire DCDC_VAUX: abandoned - the client kept refusing creates
      refused (verify decides): wire GND: abandoned - the client kept refusing creates
      refused (verify decides): wire DCDC_FB: abandoned - the client kept refusing creates
      refused (verify decides): wire +3V3_SYS: abandoned - the client kept refusing creates
     12 item(s) in  0.2s  wire=1
      refused (verify decides): wire GND: create failed!
      refused (verify decides): wire DCDC_L1: create failed!
      refused (verify decides): wire SYS: create failed!
      refused (verify decides): wire DCDC_CTRL: abandoned - the client kept refusing creates
      refused (verify decides): wire GND: abandoned - the client kept refusing creates
      refused (verify decides): wire +3V3_SYS: abandoned - the client kept refusing creates
      refused (verify decides): wire +1V8: abandoned - the client kept refusing creates
      refused (verify decides): wire GND: abandoned - the client kept refusing creates
      refused (verify decides): wire VBAT: abandoned - the client kept refusing creates
      refused (verify decides): wire VBAT: abandoned - the client kept refusing creates
      refused (verify decides): wire I2C_SCL: abandoned - the client kept refusing creates
     12 item(s) in  0.2s  wire=1
      refused (verify decides): wire BAT_NTC: create failed!
      refused (verify decides): wire VBUS_5V: create failed!
      refused (verify decides): wire GND: create failed!
      refused (verify decides): wire CHG_ISET: abandoned - the client kept refusing creates
      refused (verify decides): wire GND: abandoned - the client kept refusing creates
      refused (verify decides): wire CHG_ILIM: abandoned - the client kept refusing creates
      refused (verify decides): wire GND: abandoned - the client kept refusing creates
      refused (verify decides): wire +3V3_SYS: abandoned - the client kept refusing creates
      refused (verify decides): wire GND: abandoned - the client kept refusing creates
      refused (verify decides): wire VBAT: abandoned - the client kept refusing creates
      refused (verify decides): wire GND: abandoned - the client kept refusing creates
     12 item(s) in  0.2s  wire=1
      refused (verify decides): wire GND: create failed!
      refused (verify decides): wire DCDC_L1: create failed!
      refused (verify decides): wire DCDC_L2: create failed!
      refused (verify decides): wire +3V3_SYS: abandoned - the client kept refusing creates
      refused (verify decides): wire DCDC_VAUX: abandoned - the client kept refusing creates
      refused (verify decides): wire GND: abandoned - the client kept refusing creates
      refused (verify decides): wire SYS: abandoned - the client kept refusing creates
      refused (verify decides): wire GND: abandoned - the client kept refusing creates
      refused (verify decides): wire SYS: abandoned - the client kept refusing creates
      refused (verify decides): wire GND: abandoned - the client kept refusing creates
      refused (verify decides): wire +3V3_SYS: abandoned - the client kept refusing creates
     12 item(s) in  0.7s  wire=2
      refused (verify decides): wire GND: create failed!
      refused (verify decides): wire +1V8: create failed!
      refused (verify decides): wire GND: create failed!
      refused (verify decides): wire DCDC_CTRL: abandoned - the client kept refusing creates
      refused (verify decides): wire power_PWR_FLAG: abandoned - the client kept refusing creates
      refused (verify decides): wire power_PWR_FLAG: abandoned - the client kept refusing creates
      refused (verify decides): port BAT_NTC: abandoned - the client kept refusing creates
      refused (verify decides): port VBAT: abandoned - the client kept refusing creates
      refused (verify decides): port VBAT: abandoned - the client kept refusing creates
      refused (verify decides): wire POGO_UART_RX: abandoned - the client kept refusing creates
     12 item(s) in  0.2s  wire=1
      refused (verify decides): wire POGO_UART_TX: create failed!
      refused (verify decides): wire POGO_UART_RX: create failed!
      refused (verify decides): wire VBAT_MODEM: create failed!
      refused (verify decides): wire +3V3_SYS: abandoned - the client kept refusing creates
      refused (verify decides): wire +1V8: abandoned - the client kept refusing creates
      refused (verify decides): wire GND: abandoned - the client kept refusing creates
      refused (verify decides): wire I2C_SCL: abandoned - the client kept refusing creates
      refused (verify decides): wire I2C_SDA: abandoned - the client kept refusing creates
      refused (verify decides): wire MODEM_TX: abandoned - the client kept refusing creates
      refused (verify decides): wire MODEM_RX: abandoned - the client kept refusing creates
      refused (verify decides): wire MODEM_PWRKEY: abandoned - the client kept refusing creates
     12 item(s) in  0.8s  wire=2
      refused (verify decides): wire ESP_EN: create failed!
      refused (verify decides): wire AUDIO_MCLK: create failed!
      refused (verify decides): wire +3V3_SYS: create failed!
      refused (verify decides): wire +3V3_SYS: abandoned - the client kept refusing creates
      refused (verify decides): wire I2S0_BCLK: abandoned - the client kept refusing creates
      refused (verify decides): wire I2S0_DIN: abandoned - the client kept refusing creates
      refused (verify decides): wire I2S0_LRCK: abandoned - the client kept refusing creates
      refused (verify decides): wire I2S0_DOUT: abandoned - the client kept refusing creates
      refused (verify decides): wire GND: abandoned - the client kept refusing creates
      refused (verify decides): wire +3V3_SYS: abandoned - the client kept refusing creates
     12 item(s) in  0.2s  wire=1
      refused (verify decides): wire CODEC_VMID: create failed!
      refused (verify decides): wire CODEC_MIC_P: create failed!
      refused (verify decides): wire I2C_SDA: create failed!
      refused (verify decides): wire GND: abandoned - the client kept refusing creates
      refused (verify decides): wire MIC_SUPPLY_TBD: abandoned - the client kept refusing creates
      refused (verify decides): wire GND: abandoned - the client kept refusing creates
      refused (verify decides): wire MIC1_P: abandoned - the client kept refusing creates
      refused (verify decides): wire MIC1_N: abandoned - the client kept refusing creates
      refused (verify decides): wire AMP_IN_P: abandoned - the client kept refusing creates
      refused (verify decides): wire AMP_IN_N: abandoned - the client kept refusing creates
      refused (verify decides): wire SPK_P: abandoned - the client kept refusing creates
     12 item(s) in  0.7s  wire=2
      refused (verify decides): wire GND: create failed!
      refused (verify decides): wire +3V3_SYS: create failed!
      refused (verify decides): wire GND: create failed!
      refused (verify decides): wire GND: abandoned - the client kept refusing creates
      refused (verify decides): wire +3V3_SYS: abandoned - the client kept refusing creates
      refused (verify decides): wire CODEC_DACVREF: abandoned - the client kept refusing creates
      refused (verify decides): wire CODEC_ADCVREF: abandoned - the client kept refusing creates
      refused (verify decides): wire GND: abandoned - the client kept refusing creates
      refused (verify decides): wire CODEC_VMID: abandoned - the client kept refusing creates
      refused (verify decides): wire GND: abandoned - the client kept refusing creates
     12 item(s) in  0.2s  wire=1
      refused (verify decides): wire CODEC_MIC_P: create failed!
      refused (verify decides): wire MIC1_N: create failed!
      refused (verify decides): wire CODEC_DAC_P: create failed!
      refused (verify decides): wire AMP_IN_N: abandoned - the client kept refusing creates
      refused (verify decides): wire VBAT: abandoned - the client kept refusing creates
      refused (verify decides): wire GND: abandoned - the client kept refusing creates
      refused (verify decides): wire GND: abandoned - the client kept refusing creates
      refused (verify decides): wire AMP_SD: abandoned - the client kept refusing creates
      refused (verify decides): wire GND: abandoned - the client kept refusing creates
      refused (verify decides): wire VBAT: abandoned - the client kept refusing creates
      refused (verify decides): wire AMP_SD: abandoned - the client kept refusing creates
      6 item(s) in  0.2s  wire=1
      refused (verify decides): wire LCD_BL: create failed!
      refused (verify decides): wire TP_SCL: create failed!
      refused (verify decides): wire TP_SDA: create failed!
      refused (verify decides): wire TP_INT: abandoned - the client kept refusing creates
      refused (verify decides): port +3V3_SYS: abandoned - the client kept refusing creates
round 5: live flag=2 part=140 poly=60 port=424 text=154 wire=277 | missing=170 blocked=0 repair=0 stray=33
      STRAY on the sheet: (3026.012, -1178.937) net=project_U3_BMI270 name=project_U3_BMI270 id=d3919238912678de
      STRAY on the sheet: (3026.012, -1178.937) net=project_U3_BMI270 name=project_U3_BMI270 id=691b58d3231054a2
      STRAY on the sheet: (3931.012, -1178.937) net=project_U4_RV_3028_C7 name=project_U4_RV_3028_C7 id=af7be18a0dba4d71
      STRAY on the sheet: (3931.012, -1178.937) net=project_U4_RV_3028_C7 name=project_U4_RV_3028_C7 id=b2bf351b86b27da2
      STRAY on the sheet: (2866.012, -1493.937) net=project_C name=project_C id=cbf0f21c5477a176
      STRAY on the sheet: (2866.012, -1493.937) net=project_C name=project_C id=3a58ac4e3f04f3b2
      STRAY on the sheet: (3576.012, -1493.937) net=project_C name=project_C id=146228a344b11d73
      STRAY on the sheet: (3576.012, -1493.937) net=project_C name=project_C id=2f1c45303d5158ad
      STRAY on the sheet: (4286.012, -1493.937) net=project_C name=project_C id=5ae0b116a2c04911
      STRAY on the sheet: (4286.012, -1493.937) net=project_C name=project_C id=0be6b9e7a65cb2c1
      STRAY on the sheet: (2866.012, -1588.937) net=project_C name=project_C id=f3d7119959dbc862
      STRAY on the sheet: (2866.012, -1588.937) net=project_C name=project_C id=787b4ada8f11d6a0
      STRAY on the sheet: (3576.012, -1588.937) net=project_R name=project_R id=c2467771b8353f72
      STRAY on the sheet: (4286.012, -1588.937) net=project_R name=project_R id=593094d5f7877384
      STRAY on the sheet: (2916.012, -1208.937, 2916.012, -1208.937) net= name=None id=e0fdcdcc6f420593
      STRAY on the sheet: (2916.012, -1223.937, 2916.012, -1223.937) net= name=None id=6ba292f62c6cd798
      STRAY on the sheet: (2916.012, -1283.937, 2916.012, -1283.937) net= name=None id=1326483c8e2c40af
      STRAY on the sheet: (3136.012, -1223.937, 3136.012, -1223.937) net= name=None id=73622729875612d0
      STRAY on the sheet: (3136.012, -1238.937, 3136.012, -1238.937) net= name=None id=bdc3b446de18368d
      STRAY on the sheet: (3136.012, -1253.937, 3136.012, -1253.937) net= name=None id=6a42f96b61ca62a8

FAIL: 1194 primitive(s) expected, live flag=2 part=140 poly=60 port=424 text=154 wire=277; missing=170 blocked=0 attr-repair=0 stray=33
exit=1
