project ea905f22c789460e8404c7cb6b73ac04 / target page 10_ALL: f0706db0ae88edcc (reused, 11 pages total)
read 03_MODEM_SIM_RF    comps= 117 wires=  94 texts= 20 polys= 32 bbox=47.24409,-1585.433075..2265.5,-65.35433
read 07_HAPTIC_BUTTONS  comps=  50 wires=  36 texts=  6 polys=  4 bbox=47.24409,-1380.7086649999999..1760.5000000000002,-65.35433
read 04_IMU_RTC         comps=  38 wires=  29 texts=  5 polys=  0 bbox=47.24409,-849.212595..1760.5000000000002,-65.35433
read 00_TOP             comps=   9 wires=   0 texts= 49 polys=  0 bbox=47.24409,-1479.133855..1743.2848566308594,-65.35433
read 02_ESP32           comps=  83 wires=  67 texts= 13 polys=  0 bbox=47.24409,-1290.157475..1760.5000000000002,-65.35433
read 01_POWER           comps= 125 wires=  95 texts= 12 polys=  8 bbox=47.24409,-1518.503935..2265.5,-65.35433
read 08_DEBUG_TEST      comps=  57 wires=  32 texts=  6 polys=  4 bbox=47.24409,-1321.653545..2225.5,-65.35433
read 06_AUDIO           comps=  82 wires=  64 texts= 19 polys=  8 bbox=47.24409,-1612.755905..2245.5,-65.35433
read 05_DISPLAY         comps=  12 wires=  11 texts= 11 polys=  4 bbox=47.24409,-392.913385..1198.5411631591796,-65.35433
tiles: 9  merged extent: 6929.8 x 5253.7 API units
expected: flag=2 part=126 poly=60 port=428 text=141 wire=428 total=1185
round 1: live flag=2 part=126 poly=48 port=421 text=122 wire=406 | missing=60 blocked=0 repair=1 stray=0
      wire power_PWR_FLAG (a581cbb0f7ab6b64): net!=POWER_PWR_FLAG
      still missing: text U2  SIM8230C
      still missing: text TBD / NO PHYSICAL PIN NUMBERS / NO FOOTP
      still missing: text J2  J_SIM Nano SIM
      still missing: text TBD / NO PHYSICAL PIN NUMBERS / NO FOOTP
      still missing: text U12  MODEM IO TRANSLATOR TBD
      still missing: text TBD / NO PHYSICAL PIN NUMBERS / NO FOOTP
      still missing: text D2  SIM ESD ARRAY TBD
      still missing: text TBD / NO PHYSICAL PIN NUMBERS / NO FOOTP
      still missing: text RF chains: shunt C DNP / series 0R / shu
      still missing: text ANT1  RF CONNECTOR TBD
      plan: 15 delete, 75 create
      6 item(s) in  2.9s  drop=4 fix_wire=1
      refused (verify decides): drop_component port:+3V3_SYS@5754,-490: delete() returned nothing
      6 item(s) in  0.8s  drop=6
      4 item(s) in  0.5s  drop=4
      6 item(s) in  0.4s  text=6
      6 item(s) in  1.2s  text=6
      6 item(s) in  1.8s  poly=6
      6 item(s) in  1.1s  poly=6
      6 item(s) in  3.8s  wire=3
      refused (verify decides): wire GND: create failed!
      refused (verify decides): wire GND: create failed!
      refused (verify decides): wire +3V3_SYS: create failed!
      6 item(s) in  3.8s  wire=4
      refused (verify decides): wire RTC_INT: create failed!
      refused (verify decides): wire I2C_SCL: create failed!
      6 item(s) in  2.3s  wire=3
      refused (verify decides): wire +3V3_SYS: create failed!
      refused (verify decides): wire GND: create failed!
      refused (verify decides): wire +3V3_SYS: create failed!
      6 item(s) in  0.7s  wire=1
      refused (verify decides): wire +3V3_SYS: create failed!
      refused (verify decides): wire GND: create failed!
      refused (verify decides): wire +3V3_SYS: create failed!
      refused (verify decides): text AIOT SENIOR WATCH / EVT-V1 / SYSTEM REVI: abandoned - the client kept refusing creates
      refused (verify decides): text EVT-V1 / REVIEW DRAFT / NOT FOR FABRICAT: abandoned - the client kept refusing creates
      6 item(s) in  1.6s  port=1 text=5
      6 item(s) in  1.5s  port=6
      6 item(s) in  1.3s  port=6
      6 item(s) in  2.4s  port=6
      3 item(s) in  0.7s  port=3
round 2: live flag=2 part=126 poly=60 port=429 text=139 wire=417 | missing=13 blocked=0 repair=0 stray=1
      still missing: wire GND
      still missing: wire GND
      still missing: wire +3V3_SYS
      still missing: wire RTC_INT
      still missing: wire I2C_SCL
      still missing: wire +3V3_SYS
      still missing: wire GND
      still missing: wire +3V3_SYS
      still missing: wire +3V3_SYS
      still missing: wire GND
      plan: 12 delete, 24 create
      6 item(s) in  0.6s  drop=6
      6 item(s) in  0.6s  drop=6
      6 item(s) in  2.4s  wire=3
      refused (verify decides): wire RTC_INT: create failed!
      refused (verify decides): wire I2C_SCL: create failed!
      refused (verify decides): wire +3V3_SYS: create failed!
      6 item(s) in  0.9s  wire=2
      refused (verify decides): wire +3V3_SYS: create failed!
      refused (verify decides): wire GND: create failed!
      refused (verify decides): wire +3V3_SYS: create failed!
      refused (verify decides): text AIOT SENIOR WATCH / EVT-V1 / SYSTEM REVI: abandoned - the client kept refusing creates
      6 item(s) in  1.5s  port=5 text=1
      6 item(s) in  2.7s  port=6
round 3: live flag=2 part=126 poly=60 port=428 text=140 wire=422 | missing=7 blocked=0 repair=0 stray=0
      still missing: wire RTC_INT
      still missing: wire I2C_SCL
      still missing: wire +3V3_SYS
      still missing: wire +3V3_SYS
      still missing: wire GND
      still missing: wire +3V3_SYS
      still missing: text AIOT SENIOR WATCH / EVT-V1 / SYSTEM REVI
      plan: 6 delete, 13 create
      6 item(s) in  0.5s  drop=6
      6 item(s) in  0.5s  wire=1
      refused (verify decides): wire I2C_SCL: create failed!
      refused (verify decides): wire +3V3_SYS: create failed!
      refused (verify decides): wire +3V3_SYS: create failed!
      refused (verify decides): wire GND: abandoned - the client kept refusing creates
      refused (verify decides): wire +3V3_SYS: abandoned - the client kept refusing creates
      6 item(s) in  2.8s  port=5 text=1
      1 item(s) in  0.3s  port=1
round 4: live flag=2 part=126 poly=60 port=428 text=141 wire=423 | missing=5 blocked=0 repair=0 stray=0
      still missing: wire I2C_SCL
      still missing: wire +3V3_SYS
      still missing: wire +3V3_SYS
      still missing: wire GND
      still missing: wire +3V3_SYS
      plan: 5 delete, 10 create
      5 item(s) in  0.5s  drop=5
      6 item(s) in  0.3s  wire=1
      refused (verify decides): wire +3V3_SYS: create failed!
      refused (verify decides): wire +3V3_SYS: create failed!
      refused (verify decides): wire GND: create failed!
      refused (verify decides): wire +3V3_SYS: abandoned - the client kept refusing creates
      refused (verify decides): port I2C_SCL: abandoned - the client kept refusing creates
      4 item(s) in  1.4s  port=4
round 5: live flag=2 part=126 poly=60 port=427 text=141 wire=424 | missing=5 blocked=0 repair=0 stray=0
      still missing: wire +3V3_SYS
      still missing: wire +3V3_SYS
      still missing: wire GND
      still missing: wire +3V3_SYS
      still missing: port I2C_SCL
      plan: 4 delete, 9 create
      4 item(s) in  0.5s  drop=4
      6 item(s) in  3.7s  port=2 wire=3
      refused (verify decides): wire +3V3_SYS: create failed!
      3 item(s) in  1.9s  port=3
round 6: live flag=2 part=126 poly=60 port=428 text=141 wire=427 | missing=1 blocked=0 repair=0 stray=0
      still missing: wire +3V3_SYS
      plan: 1 delete, 2 create
      1 item(s) in  0.2s  drop=1
      2 item(s) in  1.0s  port=1 wire=1
round 7: live flag=2 part=126 poly=60 port=428 text=141 wire=428 | missing=0 blocked=0 repair=0 stray=0

PASS: 1185 primitive(s) expected, live flag=2 part=126 poly=60 port=428 text=141 wire=428; missing=0 blocked=0 attr-repair=0 stray=0
MERGE_EXIT=0
