project ea905f22c789460e8404c7cb6b73ac04 / target page 10_ALL: f0706db0ae88edcc (reused, 11 pages total)
read 03_MODEM_SIM_RF    comps= 117 wires=  94 texts= 20 polys= 32 bbox=47.24409,-1585.433075..2265.5,-65.35433
read 07_HAPTIC_BUTTONS  comps=  50 wires=  36 texts=  6 polys=  4 bbox=47.24409,-1380.7086649999999..1760.5000000000002,-65.35433
read 04_IMU_RTC         comps=  38 wires=  29 texts=  5 polys=  0 bbox=47.24409,-849.212595..1760.5000000000002,-65.35433
read 00_TOP             comps=   9 wires=   0 texts= 49 polys=  0 bbox=47.24409,-1479.133855..1743.2848566308594,-65.35433
read 02_ESP32           comps=  83 wires=  67 texts= 13 polys=  0 bbox=47.24409,-1290.157475..1760.5000000000002,-65.35433
read 01_POWER           comps= 125 wires=  95 texts= 12 polys=  8 bbox=47.24409,-1518.503935..2265.5,-65.35433
read 08_DEBUG_TEST      comps=  57 wires=  32 texts=  6 polys=  4 bbox=47.24409,-1321.653545..2225.5,-65.35433
read 06_AUDIO           comps=  82 wires=  64 texts= 19 polys=  8 bbox=47.24409,-1612.755905..2245.5,-65.35433
read 05_DISPLAY         comps=  12 wires=  11 texts= 11 polys=  4 bbox=47.24409,-392.913385..1198.5411631591796,-65.35433
tiles: 9  merged extent: 6889.76773 x 5226.377955 API units
reset:  {"gone": {"component": {"found": 408, "removed": 408}, "wire": {"found": 255, "removed": 255}, "text": {"found": 69, "removed": 69}, "poly": {"found": 44, "removed": 44}}, "saved": true}
  03_MODEM_SIM_RF    r1    1-12   part=12 0.9s
  03_MODEM_SIM_RF    r1   13-24   part=10 text=2 1.7s
  03_MODEM_SIM_RF    r1   25-36   text=12 0.2s
  03_MODEM_SIM_RF    r1   37-48   poly=6 text=6 0.3s
  03_MODEM_SIM_RF    r1   49-60   poly=12 0.2s
  03_MODEM_SIM_RF    r1   61-72   poly=12 0.7s
  03_MODEM_SIM_RF    r1   73-84   poly=2 wire=1 0.4s
      FAIL #75 wire GND: create failed!
      FAIL #76 wire MODEM_TX: create failed!
      FAIL #77 wire MODEM_RX: create failed!
      FAIL #78 wire MODEM_PWRKEY: skipped - the client kept refusing creates
      FAIL #79 wire MODEM_RESET: skipped - the client kept refusing creates
      FAIL #80 wire MODEM_STATUS: skipped - the client kept refusing creates
      FAIL #81 wire MODEM_USB_DP: skipped - the client kept refusing creates
      FAIL #82 wire MODEM_USB_DM: skipped - the client kept refusing creates
      FAIL #83 wire MODEM_PCM_CLK: skipped - the client kept refusing creates
  03_MODEM_SIM_RF    r1   85-96   wire=12 1.2s
  03_MODEM_SIM_RF    r1   97-108  wire=12 2.4s
  03_MODEM_SIM_RF    r1  109-120  wire=12 0.5s
  03_MODEM_SIM_RF    r1  121-132  wire=12 1.1s
  03_MODEM_SIM_RF    r1  133-144  wire=12 1.7s
  03_MODEM_SIM_RF    r1  145-156  wire=12 0.5s
  03_MODEM_SIM_RF    r1  157-168  wire=12 0.7s
  03_MODEM_SIM_RF    r1  169-180  port=12 2.2s
  03_MODEM_SIM_RF    r1  181-192  port=12 0.9s
  03_MODEM_SIM_RF    r1  193-204  port=12 0.8s
  03_MODEM_SIM_RF    r1  205-216  port=12 0.9s
  03_MODEM_SIM_RF    r1  217-228  port=12 0.7s
  03_MODEM_SIM_RF    r1  229-240  port=12 0.7s
  03_MODEM_SIM_RF    r1  241-252  port=12 0.7s
  03_MODEM_SIM_RF    r1  253-263  port=10 text=1 0.6s
  03_MODEM_SIM_RF: retrying 9 item(s), round 2
  03_MODEM_SIM_RF    r2   76-84   wire=9 0.5s
Traceback (most recent call last):
  File "/Users/mario/SelfProject/elderlywatch/hardware/jlc/tools/merge_schematic_pages.py", line 439, in <module>
    sys.exit(main())
             ~~~~^^
  File "/Users/mario/SelfProject/elderlywatch/hardware/jlc/tools/merge_schematic_pages.py", line 413, in main
    reply = execute(WRITE.replace("__TARGET__", json.dumps(target["uuid"]))
                    .replace("__PROJECT__", json.dumps(project))
                    .replace("__ITEMS__", json.dumps(batch, ensure_ascii=False))
                    .replace("__STOP__", str(args.stop_after)))
  File "/Users/mario/SelfProject/elderlywatch/hardware/jlc/tools/eda_run.py", line 75, in execute
    raise RuntimeError(f"HTTP {err.code}: {err.read().decode(errors='replace')}") from None
RuntimeError: HTTP 500: {"success":false,"error":"Request fa15ce4c-38ff-4bb8-958e-b3a177feadc5 timed out after 30000ms"}
