project ea905f22c789460e8404c7cb6b73ac04 / target page 10_ALL: f0706db0ae88edcc (reused, 11 pages total)
read 03_MODEM_SIM_RF    comps= 117 wires=  94 texts= 20 polys= 32 bbox=47.24409,-1585.433075..2265.5,-65.35433
read 07_HAPTIC_BUTTONS  comps=  50 wires=  36 texts=  6 polys=  4 bbox=47.24409,-1380.7086649999999..1760.5000000000002,-65.35433
read 04_IMU_RTC         comps=  38 wires=  29 texts=  5 polys=  0 bbox=47.24409,-849.212595..1760.5000000000002,-65.35433
read 00_TOP             comps=   9 wires=   0 texts= 49 polys=  0 bbox=47.24409,-1479.133855..1743.2848566308594,-65.35433
read 02_ESP32           comps=  83 wires=  67 texts= 13 polys=  0 bbox=47.24409,-1290.157475..1760.5000000000002,-65.35433
read 01_POWER           comps= 125 wires=  95 texts= 12 polys=  8 bbox=47.24409,-1518.503935..2265.5,-65.35433
read 08_DEBUG_TEST      comps=  57 wires=  32 texts=  6 polys=  4 bbox=47.24409,-1321.653545..2225.5,-65.35433
read 06_AUDIO           comps=  82 wires=  64 texts= 19 polys=  8 bbox=47.24409,-1612.755905..2245.5,-65.35433
read 05_DISPLAY         comps=  12 wires=  11 texts= 11 polys=  4 bbox=47.24409,-392.913385..1198.5411631591796,-65.35433
tiles: 9  merged extent: 6929.8 x 5253.7 API units
expected: flag=2 part=126 poly=60 port=428 text=141 wire=428 total=1185
reset: {"component": {"found": 481, "removed": 481}, "wire": {"found": 317, "removed": 317}, "text": {"found": 150, "removed": 150}, "poly": {"found": 60, "removed": 60}}
round 1: live flag=0 part=0 poly=0 port=0 text=0 wire=0 | missing=1185 blocked=0 repair=0 stray=0
      still missing: part C301
      still missing: part C302
      still missing: part C303
      still missing: part C304
      still missing: part C305
      still missing: part C306
      still missing: part C307
      still missing: part C308
      still missing: part C321
      still missing: part C322
      plan: 0 delete, 1185 create
     12 item(s) in  1.4s  part=12
     12 item(s) in  0.9s  part=10 text=2
     12 item(s) in  0.0s  
      refused (verify decides): text U2  SIM8230C: create() returned nothing
      refused (verify decides): text TBD / NO PHYSICAL PIN NUMBERS / NO FOOTP: create() returned nothing
      refused (verify decides): text J2  J_SIM Nano SIM: create() returned nothing
      refused (verify decides): text TBD / NO PHYSICAL PIN NUMBERS / NO FOOTP: abandoned - the client kept refusing creates
      refused (verify decides): text U12  MODEM IO TRANSLATOR TBD: abandoned - the client kept refusing creates
      refused (verify decides): text TBD / NO PHYSICAL PIN NUMBERS / NO FOOTP: abandoned - the client kept refusing creates
      refused (verify decides): text D2  SIM ESD ARRAY TBD: abandoned - the client kept refusing creates
      refused (verify decides): text TBD / NO PHYSICAL PIN NUMBERS / NO FOOTP: abandoned - the client kept refusing creates
      refused (verify decides): text RF chains: shunt C DNP / series 0R / shu: abandoned - the client kept refusing creates
      refused (verify decides): text ANT1  RF CONNECTOR TBD: abandoned - the client kept refusing creates
      refused (verify decides): text TBD / NO PHYSICAL PIN NUMBERS / NO FOOTP: abandoned - the client kept refusing creates
      refused (verify decides): text ANT2  RF CONNECTOR TBD: abandoned - the client kept refusing creates
     12 item(s) in  0.1s  poly=6 text=6
     12 item(s) in  0.0s  poly=12
     12 item(s) in  0.1s  poly=12
     12 item(s) in  0.3s  poly=2 wire=10
     12 item(s) in  2.1s  wire=12
     12 item(s) in  0.4s  wire=12
     12 item(s) in  0.4s  wire=12
     12 item(s) in  0.4s  wire=12
     12 item(s) in  0.4s  wire=12
     12 item(s) in  0.4s  wire=12
     12 item(s) in  0.5s  wire=12
     12 item(s) in  1.2s  part=12
     12 item(s) in  0.3s  part=1 poly=4 text=6 wire=1
     12 item(s) in  0.7s  wire=12
     12 item(s) in  0.6s  wire=12
     12 item(s) in  0.9s  part=1 wire=11
     12 item(s) in  0.8s  part=7 text=5
     12 item(s) in  7.4s  
      refused (verify decides): wire GND: create failed!
      refused (verify decides): wire IMU_INT1: create failed!
      refused (verify decides): wire +3V3_SYS: create failed!
      refused (verify decides): wire GND: abandoned - the client kept refusing creates
      refused (verify decides): wire GND: abandoned - the client kept refusing creates
      refused (verify decides): wire +3V3_SYS: abandoned - the client kept refusing creates
      refused (verify decides): wire IMU_INT2: abandoned - the client kept refusing creates
      refused (verify decides): wire +3V3_SYS: abandoned - the client kept refusing creates
      refused (verify decides): wire I2C_SCL: abandoned - the client kept refusing creates
      refused (verify decides): wire I2C_SDA: abandoned - the client kept refusing creates
      refused (verify decides): wire RTC_INT: abandoned - the client kept refusing creates
      refused (verify decides): wire I2C_SCL: abandoned - the client kept refusing creates
     12 item(s) in  4.7s  wire=2
      refused (verify decides): wire RTC_VBACKUP: create failed!
      refused (verify decides): wire +3V3_SYS: create failed!
      refused (verify decides): wire GND: create failed!
      refused (verify decides): wire +3V3_SYS: abandoned - the client kept refusing creates
      refused (verify decides): wire GND: abandoned - the client kept refusing creates
      refused (verify decides): wire +3V3_SYS: abandoned - the client kept refusing creates
      refused (verify decides): wire GND: abandoned - the client kept refusing creates
      refused (verify decides): wire +3V3_SYS: abandoned - the client kept refusing creates
      refused (verify decides): wire GND: abandoned - the client kept refusing creates
      refused (verify decides): wire +3V3_SYS: abandoned - the client kept refusing creates
     12 item(s) in  2.3s  wire=5
      refused (verify decides): text AIOT SENIOR WATCH / EVT-V1 / SYSTEM REVI: create() returned nothing
      refused (verify decides): text EVT-V1 / REVIEW DRAFT / NOT FOR FABRICAT: create() returned nothing
      refused (verify decides): text 01_POWER: create() returned nothing
      refused (verify decides): text VBUS_5V -> BQ24074 -> SYS: abandoned - the client kept refusing creates
      refused (verify decides): text SYS -> TPS63070 -> +3V3_SYS: abandoned - the client kept refusing creates
      refused (verify decides): text VBAT -> modem (path review): abandoned - the client kept refusing creates
      refused (verify decides): text MAX17048 / NTC / optional +1V8: abandoned - the client kept refusing creates
     12 item(s) in  0.1s  text=12
     12 item(s) in  0.1s  text=12
     12 item(s) in  0.1s  text=12
     12 item(s) in  3.2s  part=6 text=6
     12 item(s) in  1.2s  part=9 text=3
     12 item(s) in  0.2s  text=10 wire=2
     12 item(s) in  0.8s  wire=12
     12 item(s) in  0.7s  wire=12
     12 item(s) in  0.8s  wire=12
     12 item(s) in  0.9s  wire=12
     12 item(s) in  0.7s  wire=12
     12 item(s) in  1.6s  part=7 wire=5
     12 item(s) in  2.3s  part=12
     12 item(s) in  1.4s  part=8 text=4
     12 item(s) in  0.2s  poly=4 text=8
     12 item(s) in  0.7s  poly=4 wire=8
     12 item(s) in  1.4s  wire=12
     12 item(s) in  0.9s  wire=12
     12 item(s) in  1.2s  wire=12
     12 item(s) in  0.9s  wire=12
     12 item(s) in  1.5s  wire=12
     12 item(s) in  1.1s  wire=12
     12 item(s) in  1.1s  wire=12
     12 item(s) in  2.5s  part=9 wire=3
     12 item(s) in  2.5s  part=12
     12 item(s) in  0.4s  part=3 poly=3 text=6
     12 item(s) in  1.0s  poly=1 wire=11
     12 item(s) in  1.0s  wire=12
     12 item(s) in  1.8s  part=3 wire=9
     12 item(s) in  2.9s  part=12
     12 item(s) in  0.7s  part=2 text=10
     12 item(s) in  0.2s  poly=3 text=9
     12 item(s) in  0.9s  poly=5 wire=7
     12 item(s) in  1.1s  wire=12
     12 item(s) in  1.2s  wire=12
     12 item(s) in  1.4s  wire=12
     12 item(s) in  1.0s  wire=12
     12 item(s) in  1.0s  text=3 wire=9
     12 item(s) in  0.2s  poly=4 text=8
     12 item(s) in  2.3s  port=1 wire=11
     12 item(s) in  1.4s  port=12
     12 item(s) in  1.6s  port=12
     12 item(s) in  1.9s  port=12
     12 item(s) in  1.5s  port=12
     12 item(s) in  1.5s  port=12
     12 item(s) in  1.6s  port=12
     12 item(s) in  1.5s  port=12
     12 item(s) in  1.7s  port=12
     12 item(s) in  1.5s  port=12
     12 item(s) in  1.5s  port=12
     12 item(s) in  1.4s  port=12
     12 item(s) in  3.2s  port=12
     12 item(s) in  1.7s  port=12
     12 item(s) in  1.5s  port=12
     12 item(s) in  1.9s  port=12
     12 item(s) in  1.8s  port=12
     12 item(s) in  1.6s  port=12
     12 item(s) in  1.9s  port=12
     12 item(s) in  2.0s  port=12
     12 item(s) in  1.8s  port=12
     12 item(s) in  1.9s  port=12
     12 item(s) in  1.8s  port=12
     12 item(s) in  3.1s  port=12
     12 item(s) in  2.0s  port=12
     12 item(s) in  1.9s  port=12
     12 item(s) in  2.5s  port=12
     12 item(s) in  4.2s  flag=2 port=10
     12 item(s) in  1.8s  port=12
     12 item(s) in  1.7s  port=12
     12 item(s) in  2.0s  port=12
     12 item(s) in  1.8s  port=12
     12 item(s) in  2.1s  port=12
     12 item(s) in  2.1s  port=12
     12 item(s) in  2.2s  port=12
     12 item(s) in  2.2s  port=12
      9 item(s) in  2.0s  port=9
round 2: live flag=2 part=126 poly=48 port=428 text=122 wire=406 | missing=53 blocked=0 repair=2 stray=0
      wire power_PWR_FLAG (4b0e5e86210decba): net!=POWER_PWR_FLAG
      wire power_PWR_FLAG (a581cbb0f7ab6b64): net!=POWER_PWR_FLAG
      still missing: text U2  SIM8230C
      still missing: text TBD / NO PHYSICAL PIN NUMBERS / NO FOOTP
      still missing: text J2  J_SIM Nano SIM
      still missing: text TBD / NO PHYSICAL PIN NUMBERS / NO FOOTP
      still missing: text U12  MODEM IO TRANSLATOR TBD
      still missing: text TBD / NO PHYSICAL PIN NUMBERS / NO FOOTP
      still missing: text D2  SIM ESD ARRAY TBD
      still missing: text TBD / NO PHYSICAL PIN NUMBERS / NO FOOTP
      still missing: text RF chains: shunt C DNP / series 0R / shu
      still missing: text ANT1  RF CONNECTOR TBD
      plan: 22 delete, 75 create
      HUNG on 12 item(s) (fix_wire power_PWR_FLAG…): HTTP 500: {"success":false,"error":"Request d2f0a611-17c7-482f-aa2b-bc8aa831e0dd timed out
      HUNG on 12 item(s) (text U2  SIM8230C…): HTTP 500: {"success":false,"error":"Request a9aafc4f-a17f-45f8-9209-ba788e52ccfe timed out
      6 item(s) in  0.0s  
      refused (verify decides): text U2  SIM8230C: create() returned nothing
      refused (verify decides): text TBD / NO PHYSICAL PIN NUMBERS / NO FOOTP: create() returned nothing
      refused (verify decides): text J2  J_SIM Nano SIM: create() returned nothing
      refused (verify decides): text TBD / NO PHYSICAL PIN NUMBERS / NO FOOTP: abandoned - the client kept refusing creates
      refused (verify decides): text U12  MODEM IO TRANSLATOR TBD: abandoned - the client kept refusing creates
      refused (verify decides): text TBD / NO PHYSICAL PIN NUMBERS / NO FOOTP: abandoned - the client kept refusing creates
      6 item(s) in  0.0s  
      refused (verify decides): text D2  SIM ESD ARRAY TBD: create() returned nothing
      refused (verify decides): text TBD / NO PHYSICAL PIN NUMBERS / NO FOOTP: create() returned nothing
      refused (verify decides): text RF chains: shunt C DNP / series 0R / shu: create() returned nothing
      refused (verify decides): text ANT1  RF CONNECTOR TBD: abandoned - the client kept refusing creates
      refused (verify decides): text TBD / NO PHYSICAL PIN NUMBERS / NO FOOTP: abandoned - the client kept refusing creates
      refused (verify decides): text ANT2  RF CONNECTOR TBD: abandoned - the client kept refusing creates
     12 item(s) in  0.0s  poly=12
     12 item(s) in  0.0s  
      refused (verify decides): wire GND: create failed!
      refused (verify decides): wire IMU_INT1: create failed!
      refused (verify decides): wire +3V3_SYS: create failed!
      refused (verify decides): wire GND: abandoned - the client kept refusing creates
      refused (verify decides): wire GND: abandoned - the client kept refusing creates
      refused (verify decides): wire +3V3_SYS: abandoned - the client kept refusing creates
      refused (verify decides): wire IMU_INT2: abandoned - the client kept refusing creates
      refused (verify decides): wire +3V3_SYS: abandoned - the client kept refusing creates
      refused (verify decides): wire I2C_SCL: abandoned - the client kept refusing creates
      refused (verify decides): wire I2C_SDA: abandoned - the client kept refusing creates
      refused (verify decides): wire RTC_INT: abandoned - the client kept refusing creates
      refused (verify decides): wire I2C_SCL: abandoned - the client kept refusing creates
     12 item(s) in  0.0s  
      refused (verify decides): wire RTC_VBACKUP: create failed!
      refused (verify decides): wire +3V3_SYS: create failed!
      refused (verify decides): wire GND: create failed!
      refused (verify decides): wire +3V3_SYS: abandoned - the client kept refusing creates
      refused (verify decides): wire GND: abandoned - the client kept refusing creates
      refused (verify decides): wire +3V3_SYS: abandoned - the client kept refusing creates
      refused (verify decides): wire GND: abandoned - the client kept refusing creates
      refused (verify decides): wire +3V3_SYS: abandoned - the client kept refusing creates
      refused (verify decides): wire GND: abandoned - the client kept refusing creates
      refused (verify decides): wire +3V3_SYS: abandoned - the client kept refusing creates
      refused (verify decides): text AIOT SENIOR WATCH / EVT-V1 / SYSTEM REVI: abandoned - the client kept refusing creates
      refused (verify decides): text EVT-V1 / REVIEW DRAFT / NOT FOR FABRICAT: abandoned - the client kept refusing creates
     12 item(s) in  0.0s  
      refused (verify decides): text 01_POWER: create() returned nothing
      refused (verify decides): text VBUS_5V -> BQ24074 -> SYS: create() returned nothing
      refused (verify decides): text SYS -> TPS63070 -> +3V3_SYS: create() returned nothing
      refused (verify decides): text VBAT -> modem (path review): abandoned - the client kept refusing creates
      refused (verify decides): text MAX17048 / NTC / optional +1V8: abandoned - the client kept refusing creates
      refused (verify decides): port GND: abandoned - the client kept refusing creates
      refused (verify decides): port IMU_INT1: abandoned - the client kept refusing creates
      refused (verify decides): port +3V3_SYS: abandoned - the client kept refusing creates
      refused (verify decides): port GND: abandoned - the client kept refusing creates
      refused (verify decides): port GND: abandoned - the client kept refusing creates
      refused (verify decides): port +3V3_SYS: abandoned - the client kept refusing creates
      refused (verify decides): port IMU_INT2: abandoned - the client kept refusing creates
      HUNG on 12 item(s) (port +3V3_SYS…): HTTP 500: {"success":false,"error":"Request ed37b9e6-92a7-40c3-a67d-a78f63f2c3db timed out
      12 of them landed anyway; retrying 0
      HUNG on 3 item(s) (port +3V3_SYS…): HTTP 500: {"success":false,"error":"Request 15a1d122-d7a8-4813-84c5-7eab9c064ddc timed out
      3 of them landed anyway; retrying 0
round 3: live flag=2 part=126 poly=48 port=421 text=122 wire=406 | missing=60 blocked=0 repair=1 stray=0
      wire power_PWR_FLAG (a581cbb0f7ab6b64): net!=POWER_PWR_FLAG
      still missing: text U2  SIM8230C
      still missing: text TBD / NO PHYSICAL PIN NUMBERS / NO FOOTP
      still missing: text J2  J_SIM Nano SIM
      still missing: text TBD / NO PHYSICAL PIN NUMBERS / NO FOOTP
      still missing: text U12  MODEM IO TRANSLATOR TBD
      still missing: text TBD / NO PHYSICAL PIN NUMBERS / NO FOOTP
      still missing: text D2  SIM ESD ARRAY TBD
      still missing: text TBD / NO PHYSICAL PIN NUMBERS / NO FOOTP
      still missing: text RF chains: shunt C DNP / series 0R / shu
      still missing: text ANT1  RF CONNECTOR TBD
      plan: 15 delete, 75 create
     12 item(s) in  0.0s  fix_wire=1
      refused (verify decides): drop_component port:+3V3_SYS@5754,-490: delete() returned nothing
      refused (verify decides): drop_component port:I2C_SCL@5754,-505: delete() returned nothing
      refused (verify decides): drop_component port:I2C_SDA@5754,-520: delete() returned nothing
      refused (verify decides): drop_component port:RTC_INT@6249,-445: abandoned - the client kept refusing creates
      refused (verify decides): drop_component port:I2C_SCL@6249,-460: abandoned - the client kept refusing creates
      refused (verify decides): drop_component port:RTC_VBACKUP@6659,-445: abandoned - the client kept refusing creates
      refused (verify decides): drop_component port:+3V3_SYS@6659,-460: abandoned - the client kept refusing creates
      refused (verify decides): drop_component port:GND@6659,-475: abandoned - the client kept refusing creates
      refused (verify decides): drop_component port:+3V3_SYS@5294,-730: abandoned - the client kept refusing creates
      refused (verify decides): drop_component port:GND@5494,-730: abandoned - the client kept refusing creates
      refused (verify decides): drop_component port:+3V3_SYS@6004,-730: abandoned - the client kept refusing creates
      4 item(s) in  0.0s  
      refused (verify decides): drop_component port:GND@6204,-730: delete() returned nothing
      refused (verify decides): drop_component port:+3V3_SYS@6714,-730: delete() returned nothing
      refused (verify decides): drop_component port:GND@6914,-730: delete() returned nothing
      refused (verify decides): drop_component port:+3V3_SYS@5294,-825: abandoned - the client kept refusing creates
     12 item(s) in  0.0s  
      refused (verify decides): text U2  SIM8230C: create() returned nothing
      refused (verify decides): text TBD / NO PHYSICAL PIN NUMBERS / NO FOOTP: create() returned nothing
      refused (verify decides): text J2  J_SIM Nano SIM: create() returned nothing
      refused (verify decides): text TBD / NO PHYSICAL PIN NUMBERS / NO FOOTP: abandoned - the client kept refusing creates
      refused (verify decides): text U12  MODEM IO TRANSLATOR TBD: abandoned - the client kept refusing creates
      refused (verify decides): text TBD / NO PHYSICAL PIN NUMBERS / NO FOOTP: abandoned - the client kept refusing creates
      refused (verify decides): text D2  SIM ESD ARRAY TBD: abandoned - the client kept refusing creates
      refused (verify decides): text TBD / NO PHYSICAL PIN NUMBERS / NO FOOTP: abandoned - the client kept refusing creates
      refused (verify decides): text RF chains: shunt C DNP / series 0R / shu: abandoned - the client kept refusing creates
      refused (verify decides): text ANT1  RF CONNECTOR TBD: abandoned - the client kept refusing creates
      refused (verify decides): text TBD / NO PHYSICAL PIN NUMBERS / NO FOOTP: abandoned - the client kept refusing creates
      refused (verify decides): text ANT2  RF CONNECTOR TBD: abandoned - the client kept refusing creates
     12 item(s) in  0.0s  poly=12
     12 item(s) in  0.0s  
      refused (verify decides): wire GND: create failed!
      refused (verify decides): wire IMU_INT1: create failed!
      refused (verify decides): wire +3V3_SYS: create failed!
      refused (verify decides): wire GND: abandoned - the client kept refusing creates
      refused (verify decides): wire GND: abandoned - the client kept refusing creates
      refused (verify decides): wire +3V3_SYS: abandoned - the client kept refusing creates
      refused (verify decides): wire IMU_INT2: abandoned - the client kept refusing creates
      refused (verify decides): wire +3V3_SYS: abandoned - the client kept refusing creates
      refused (verify decides): wire I2C_SCL: abandoned - the client kept refusing creates
      refused (verify decides): wire I2C_SDA: abandoned - the client kept refusing creates
      refused (verify decides): wire RTC_INT: abandoned - the client kept refusing creates
      refused (verify decides): wire I2C_SCL: abandoned - the client kept refusing creates
     12 item(s) in  0.0s  
      refused (verify decides): wire RTC_VBACKUP: create failed!
      refused (verify decides): wire +3V3_SYS: create failed!
      refused (verify decides): wire GND: create failed!
      refused (verify decides): wire +3V3_SYS: abandoned - the client kept refusing creates
      refused (verify decides): wire GND: abandoned - the client kept refusing creates
      refused (verify decides): wire +3V3_SYS: abandoned - the client kept refusing creates
      refused (verify decides): wire GND: abandoned - the client kept refusing creates
      refused (verify decides): wire +3V3_SYS: abandoned - the client kept refusing creates
      refused (verify decides): wire GND: abandoned - the client kept refusing creates
      refused (verify decides): wire +3V3_SYS: abandoned - the client kept refusing creates
      refused (verify decides): text AIOT SENIOR WATCH / EVT-V1 / SYSTEM REVI: abandoned - the client kept refusing creates
      refused (verify decides): text EVT-V1 / REVIEW DRAFT / NOT FOR FABRICAT: abandoned - the client kept refusing creates
     12 item(s) in  0.0s  
      refused (verify decides): text 01_POWER: create() returned nothing
      refused (verify decides): text VBUS_5V -> BQ24074 -> SYS: create() returned nothing
      refused (verify decides): text SYS -> TPS63070 -> +3V3_SYS: create() returned nothing
      refused (verify decides): text VBAT -> modem (path review): abandoned - the client kept refusing creates
      refused (verify decides): text MAX17048 / NTC / optional +1V8: abandoned - the client kept refusing creates
      refused (verify decides): port GND: abandoned - the client kept refusing creates
      refused (verify decides): port IMU_INT1: abandoned - the client kept refusing creates
      refused (verify decides): port +3V3_SYS: abandoned - the client kept refusing creates
      refused (verify decides): port GND: abandoned - the client kept refusing creates
      refused (verify decides): port GND: abandoned - the client kept refusing creates
      refused (verify decides): port +3V3_SYS: abandoned - the client kept refusing creates
      refused (verify decides): port IMU_INT2: abandoned - the client kept refusing creates
      HUNG on 12 item(s) (port +3V3_SYS…): HTTP 500: {"success":false,"error":"Request 5d4e0096-7f39-4bde-a71f-2a33c63a27b0 timed out
      12 of them landed anyway; retrying 0
      HUNG on 3 item(s) (port +3V3_SYS…): HTTP 500: {"success":false,"error":"Request d50b7012-1818-4a47-8fed-89a397aa6cee timed out
      3 of them landed anyway; retrying 0
round 4: live flag=2 part=126 poly=48 port=421 text=122 wire=406 | missing=60 blocked=0 repair=1 stray=0
      wire power_PWR_FLAG (a581cbb0f7ab6b64): net!=POWER_PWR_FLAG
      still missing: text U2  SIM8230C
      still missing: text TBD / NO PHYSICAL PIN NUMBERS / NO FOOTP
      still missing: text J2  J_SIM Nano SIM
      still missing: text TBD / NO PHYSICAL PIN NUMBERS / NO FOOTP
      still missing: text U12  MODEM IO TRANSLATOR TBD
      still missing: text TBD / NO PHYSICAL PIN NUMBERS / NO FOOTP
      still missing: text D2  SIM ESD ARRAY TBD
      still missing: text TBD / NO PHYSICAL PIN NUMBERS / NO FOOTP
      still missing: text RF chains: shunt C DNP / series 0R / shu
      still missing: text ANT1  RF CONNECTOR TBD
      plan: 15 delete, 75 create
     12 item(s) in  0.0s  fix_wire=1
      refused (verify decides): drop_component port:+3V3_SYS@5754,-490: delete() returned nothing
      refused (verify decides): drop_component port:I2C_SCL@5754,-505: delete() returned nothing
      refused (verify decides): drop_component port:I2C_SDA@5754,-520: delete() returned nothing
      refused (verify decides): drop_component port:RTC_INT@6249,-445: abandoned - the client kept refusing creates
      refused (verify decides): drop_component port:I2C_SCL@6249,-460: abandoned - the client kept refusing creates
      refused (verify decides): drop_component port:RTC_VBACKUP@6659,-445: abandoned - the client kept refusing creates
      refused (verify decides): drop_component port:+3V3_SYS@6659,-460: abandoned - the client kept refusing creates
      refused (verify decides): drop_component port:GND@6659,-475: abandoned - the client kept refusing creates
      refused (verify decides): drop_component port:+3V3_SYS@5294,-730: abandoned - the client kept refusing creates
      refused (verify decides): drop_component port:GND@5494,-730: abandoned - the client kept refusing creates
      refused (verify decides): drop_component port:+3V3_SYS@6004,-730: abandoned - the client kept refusing creates
      4 item(s) in  0.0s  
      refused (verify decides): drop_component port:GND@6204,-730: delete() returned nothing
      refused (verify decides): drop_component port:+3V3_SYS@6714,-730: delete() returned nothing
      refused (verify decides): drop_component port:GND@6914,-730: delete() returned nothing
      refused (verify decides): drop_component port:+3V3_SYS@5294,-825: abandoned - the client kept refusing creates
     12 item(s) in  0.0s  
      refused (verify decides): text U2  SIM8230C: create() returned nothing
      refused (verify decides): text TBD / NO PHYSICAL PIN NUMBERS / NO FOOTP: create() returned nothing
      refused (verify decides): text J2  J_SIM Nano SIM: create() returned nothing
      refused (verify decides): text TBD / NO PHYSICAL PIN NUMBERS / NO FOOTP: abandoned - the client kept refusing creates
      refused (verify decides): text U12  MODEM IO TRANSLATOR TBD: abandoned - the client kept refusing creates
      refused (verify decides): text TBD / NO PHYSICAL PIN NUMBERS / NO FOOTP: abandoned - the client kept refusing creates
      refused (verify decides): text D2  SIM ESD ARRAY TBD: abandoned - the client kept refusing creates
      refused (verify decides): text TBD / NO PHYSICAL PIN NUMBERS / NO FOOTP: abandoned - the client kept refusing creates
      refused (verify decides): text RF chains: shunt C DNP / series 0R / shu: abandoned - the client kept refusing creates
      refused (verify decides): text ANT1  RF CONNECTOR TBD: abandoned - the client kept refusing creates
      refused (verify decides): text TBD / NO PHYSICAL PIN NUMBERS / NO FOOTP: abandoned - the client kept refusing creates
      refused (verify decides): text ANT2  RF CONNECTOR TBD: abandoned - the client kept refusing creates
     12 item(s) in  0.0s  poly=12
     12 item(s) in  0.0s  
      refused (verify decides): wire GND: create failed!
      refused (verify decides): wire IMU_INT1: create failed!
      refused (verify decides): wire +3V3_SYS: create failed!
      refused (verify decides): wire GND: abandoned - the client kept refusing creates
      refused (verify decides): wire GND: abandoned - the client kept refusing creates
      refused (verify decides): wire +3V3_SYS: abandoned - the client kept refusing creates
      refused (verify decides): wire IMU_INT2: abandoned - the client kept refusing creates
      refused (verify decides): wire +3V3_SYS: abandoned - the client kept refusing creates
      refused (verify decides): wire I2C_SCL: abandoned - the client kept refusing creates
      refused (verify decides): wire I2C_SDA: abandoned - the client kept refusing creates
      refused (verify decides): wire RTC_INT: abandoned - the client kept refusing creates
      refused (verify decides): wire I2C_SCL: abandoned - the client kept refusing creates
     12 item(s) in  0.0s  
      refused (verify decides): wire RTC_VBACKUP: create failed!
      refused (verify decides): wire +3V3_SYS: create failed!
      refused (verify decides): wire GND: create failed!
      refused (verify decides): wire +3V3_SYS: abandoned - the client kept refusing creates
      refused (verify decides): wire GND: abandoned - the client kept refusing creates
      refused (verify decides): wire +3V3_SYS: abandoned - the client kept refusing creates
      refused (verify decides): wire GND: abandoned - the client kept refusing creates
      refused (verify decides): wire +3V3_SYS: abandoned - the client kept refusing creates
      refused (verify decides): wire GND: abandoned - the client kept refusing creates
      refused (verify decides): wire +3V3_SYS: abandoned - the client kept refusing creates
      refused (verify decides): text AIOT SENIOR WATCH / EVT-V1 / SYSTEM REVI: abandoned - the client kept refusing creates
      refused (verify decides): text EVT-V1 / REVIEW DRAFT / NOT FOR FABRICAT: abandoned - the client kept refusing creates
     12 item(s) in  0.0s  
      refused (verify decides): text 01_POWER: create() returned nothing
      refused (verify decides): text VBUS_5V -> BQ24074 -> SYS: create() returned nothing
      refused (verify decides): text SYS -> TPS63070 -> +3V3_SYS: create() returned nothing
      refused (verify decides): text VBAT -> modem (path review): abandoned - the client kept refusing creates
      refused (verify decides): text MAX17048 / NTC / optional +1V8: abandoned - the client kept refusing creates
      refused (verify decides): port GND: abandoned - the client kept refusing creates
      refused (verify decides): port IMU_INT1: abandoned - the client kept refusing creates
      refused (verify decides): port +3V3_SYS: abandoned - the client kept refusing creates
      refused (verify decides): port GND: abandoned - the client kept refusing creates
      refused (verify decides): port GND: abandoned - the client kept refusing creates
      refused (verify decides): port +3V3_SYS: abandoned - the client kept refusing creates
      refused (verify decides): port IMU_INT2: abandoned - the client kept refusing creates
      HUNG on 12 item(s) (port +3V3_SYS…): HTTP 500: {"success":false,"error":"Request a6d1263b-d377-4477-bac7-a62ac6d8ab7a timed out
      12 of them landed anyway; retrying 0
      HUNG on 3 item(s) (port +3V3_SYS…): HTTP 500: {"success":false,"error":"Request 0f1ff992-e979-414c-b587-574e74ea6dac timed out
      3 of them landed anyway; retrying 0
round 5: live flag=2 part=126 poly=48 port=421 text=122 wire=406 | missing=60 blocked=0 repair=1 stray=0
      wire power_PWR_FLAG (a581cbb0f7ab6b64): net!=POWER_PWR_FLAG
      still missing: text U2  SIM8230C
      still missing: text TBD / NO PHYSICAL PIN NUMBERS / NO FOOTP
      still missing: text J2  J_SIM Nano SIM
      still missing: text TBD / NO PHYSICAL PIN NUMBERS / NO FOOTP
      still missing: text U12  MODEM IO TRANSLATOR TBD
      still missing: text TBD / NO PHYSICAL PIN NUMBERS / NO FOOTP
      still missing: text D2  SIM ESD ARRAY TBD
      still missing: text TBD / NO PHYSICAL PIN NUMBERS / NO FOOTP
      still missing: text RF chains: shunt C DNP / series 0R / shu
      still missing: text ANT1  RF CONNECTOR TBD
      plan: 15 delete, 75 create
     12 item(s) in  0.0s  fix_wire=1
      refused (verify decides): drop_component port:+3V3_SYS@5754,-490: delete() returned nothing
      refused (verify decides): drop_component port:I2C_SCL@5754,-505: delete() returned nothing
      refused (verify decides): drop_component port:I2C_SDA@5754,-520: delete() returned nothing
      refused (verify decides): drop_component port:RTC_INT@6249,-445: abandoned - the client kept refusing creates
      refused (verify decides): drop_component port:I2C_SCL@6249,-460: abandoned - the client kept refusing creates
      refused (verify decides): drop_component port:RTC_VBACKUP@6659,-445: abandoned - the client kept refusing creates
      refused (verify decides): drop_component port:+3V3_SYS@6659,-460: abandoned - the client kept refusing creates
      refused (verify decides): drop_component port:GND@6659,-475: abandoned - the client kept refusing creates
      refused (verify decides): drop_component port:+3V3_SYS@5294,-730: abandoned - the client kept refusing creates
      refused (verify decides): drop_component port:GND@5494,-730: abandoned - the client kept refusing creates
      refused (verify decides): drop_component port:+3V3_SYS@6004,-730: abandoned - the client kept refusing creates
      4 item(s) in  0.0s  
      refused (verify decides): drop_component port:GND@6204,-730: delete() returned nothing
      refused (verify decides): drop_component port:+3V3_SYS@6714,-730: delete() returned nothing
      refused (verify decides): drop_component port:GND@6914,-730: delete() returned nothing
      refused (verify decides): drop_component port:+3V3_SYS@5294,-825: abandoned - the client kept refusing creates
     12 item(s) in  0.0s  
      refused (verify decides): text U2  SIM8230C: create() returned nothing
      refused (verify decides): text TBD / NO PHYSICAL PIN NUMBERS / NO FOOTP: create() returned nothing
      refused (verify decides): text J2  J_SIM Nano SIM: create() returned nothing
      refused (verify decides): text TBD / NO PHYSICAL PIN NUMBERS / NO FOOTP: abandoned - the client kept refusing creates
      refused (verify decides): text U12  MODEM IO TRANSLATOR TBD: abandoned - the client kept refusing creates
      refused (verify decides): text TBD / NO PHYSICAL PIN NUMBERS / NO FOOTP: abandoned - the client kept refusing creates
      refused (verify decides): text D2  SIM ESD ARRAY TBD: abandoned - the client kept refusing creates
      refused (verify decides): text TBD / NO PHYSICAL PIN NUMBERS / NO FOOTP: abandoned - the client kept refusing creates
      refused (verify decides): text RF chains: shunt C DNP / series 0R / shu: abandoned - the client kept refusing creates
      refused (verify decides): text ANT1  RF CONNECTOR TBD: abandoned - the client kept refusing creates
      refused (verify decides): text TBD / NO PHYSICAL PIN NUMBERS / NO FOOTP: abandoned - the client kept refusing creates
      refused (verify decides): text ANT2  RF CONNECTOR TBD: abandoned - the client kept refusing creates
     12 item(s) in  0.0s  poly=12
     12 item(s) in  0.0s  
      refused (verify decides): wire GND: create failed!
      refused (verify decides): wire IMU_INT1: create failed!
      refused (verify decides): wire +3V3_SYS: create failed!
      refused (verify decides): wire GND: abandoned - the client kept refusing creates
      refused (verify decides): wire GND: abandoned - the client kept refusing creates
      refused (verify decides): wire +3V3_SYS: abandoned - the client kept refusing creates
      refused (verify decides): wire IMU_INT2: abandoned - the client kept refusing creates
      refused (verify decides): wire +3V3_SYS: abandoned - the client kept refusing creates
      refused (verify decides): wire I2C_SCL: abandoned - the client kept refusing creates
      refused (verify decides): wire I2C_SDA: abandoned - the client kept refusing creates
      refused (verify decides): wire RTC_INT: abandoned - the client kept refusing creates
      refused (verify decides): wire I2C_SCL: abandoned - the client kept refusing creates
     12 item(s) in  0.0s  
      refused (verify decides): wire RTC_VBACKUP: create failed!
      refused (verify decides): wire +3V3_SYS: create failed!
      refused (verify decides): wire GND: create failed!
      refused (verify decides): wire +3V3_SYS: abandoned - the client kept refusing creates
      refused (verify decides): wire GND: abandoned - the client kept refusing creates
      refused (verify decides): wire +3V3_SYS: abandoned - the client kept refusing creates
      refused (verify decides): wire GND: abandoned - the client kept refusing creates
      refused (verify decides): wire +3V3_SYS: abandoned - the client kept refusing creates
      refused (verify decides): wire GND: abandoned - the client kept refusing creates
      refused (verify decides): wire +3V3_SYS: abandoned - the client kept refusing creates
      refused (verify decides): text AIOT SENIOR WATCH / EVT-V1 / SYSTEM REVI: abandoned - the client kept refusing creates
      refused (verify decides): text EVT-V1 / REVIEW DRAFT / NOT FOR FABRICAT: abandoned - the client kept refusing creates
     12 item(s) in  0.0s  
      refused (verify decides): text 01_POWER: create() returned nothing
      refused (verify decides): text VBUS_5V -> BQ24074 -> SYS: create() returned nothing
      refused (verify decides): text SYS -> TPS63070 -> +3V3_SYS: create() returned nothing
      refused (verify decides): text VBAT -> modem (path review): abandoned - the client kept refusing creates
      refused (verify decides): text MAX17048 / NTC / optional +1V8: abandoned - the client kept refusing creates
      refused (verify decides): port GND: abandoned - the client kept refusing creates
      refused (verify decides): port IMU_INT1: abandoned - the client kept refusing creates
      refused (verify decides): port +3V3_SYS: abandoned - the client kept refusing creates
      refused (verify decides): port GND: abandoned - the client kept refusing creates
      refused (verify decides): port GND: abandoned - the client kept refusing creates
      refused (verify decides): port +3V3_SYS: abandoned - the client kept refusing creates
      refused (verify decides): port IMU_INT2: abandoned - the client kept refusing creates
      HUNG on 12 item(s) (port +3V3_SYS…): HTTP 500: {"success":false,"error":"Request c80a0677-e8e0-4dbe-ab9c-c4561e93b148 timed out
      12 of them landed anyway; retrying 0
      HUNG on 3 item(s) (port +3V3_SYS…): HTTP 500: {"success":false,"error":"Request 782e8a15-e8cf-4089-a36c-4b162a201e89 timed out
      3 of them landed anyway; retrying 0
round 6: live flag=2 part=126 poly=48 port=421 text=122 wire=406 | missing=60 blocked=0 repair=1 stray=0
      wire power_PWR_FLAG (a581cbb0f7ab6b64): net!=POWER_PWR_FLAG
      still missing: text U2  SIM8230C
      still missing: text TBD / NO PHYSICAL PIN NUMBERS / NO FOOTP
      still missing: text J2  J_SIM Nano SIM
      still missing: text TBD / NO PHYSICAL PIN NUMBERS / NO FOOTP
      still missing: text U12  MODEM IO TRANSLATOR TBD
      still missing: text TBD / NO PHYSICAL PIN NUMBERS / NO FOOTP
      still missing: text D2  SIM ESD ARRAY TBD
      still missing: text TBD / NO PHYSICAL PIN NUMBERS / NO FOOTP
      still missing: text RF chains: shunt C DNP / series 0R / shu
      still missing: text ANT1  RF CONNECTOR TBD
      plan: 15 delete, 75 create
     12 item(s) in  0.0s  fix_wire=1
      refused (verify decides): drop_component port:+3V3_SYS@5754,-490: delete() returned nothing
      refused (verify decides): drop_component port:I2C_SCL@5754,-505: delete() returned nothing
      refused (verify decides): drop_component port:I2C_SDA@5754,-520: delete() returned nothing
      refused (verify decides): drop_component port:RTC_INT@6249,-445: abandoned - the client kept refusing creates
      refused (verify decides): drop_component port:I2C_SCL@6249,-460: abandoned - the client kept refusing creates
      refused (verify decides): drop_component port:RTC_VBACKUP@6659,-445: abandoned - the client kept refusing creates
      refused (verify decides): drop_component port:+3V3_SYS@6659,-460: abandoned - the client kept refusing creates
      refused (verify decides): drop_component port:GND@6659,-475: abandoned - the client kept refusing creates
      refused (verify decides): drop_component port:+3V3_SYS@5294,-730: abandoned - the client kept refusing creates
      refused (verify decides): drop_component port:GND@5494,-730: abandoned - the client kept refusing creates
      refused (verify decides): drop_component port:+3V3_SYS@6004,-730: abandoned - the client kept refusing creates
      4 item(s) in  0.0s  
      refused (verify decides): drop_component port:GND@6204,-730: delete() returned nothing
      refused (verify decides): drop_component port:+3V3_SYS@6714,-730: delete() returned nothing
      refused (verify decides): drop_component port:GND@6914,-730: delete() returned nothing
      refused (verify decides): drop_component port:+3V3_SYS@5294,-825: abandoned - the client kept refusing creates
     12 item(s) in  0.0s  
      refused (verify decides): text U2  SIM8230C: create() returned nothing
      refused (verify decides): text TBD / NO PHYSICAL PIN NUMBERS / NO FOOTP: create() returned nothing
      refused (verify decides): text J2  J_SIM Nano SIM: create() returned nothing
      refused (verify decides): text TBD / NO PHYSICAL PIN NUMBERS / NO FOOTP: abandoned - the client kept refusing creates
      refused (verify decides): text U12  MODEM IO TRANSLATOR TBD: abandoned - the client kept refusing creates
      refused (verify decides): text TBD / NO PHYSICAL PIN NUMBERS / NO FOOTP: abandoned - the client kept refusing creates
      refused (verify decides): text D2  SIM ESD ARRAY TBD: abandoned - the client kept refusing creates
      refused (verify decides): text TBD / NO PHYSICAL PIN NUMBERS / NO FOOTP: abandoned - the client kept refusing creates
      refused (verify decides): text RF chains: shunt C DNP / series 0R / shu: abandoned - the client kept refusing creates
      refused (verify decides): text ANT1  RF CONNECTOR TBD: abandoned - the client kept refusing creates
      refused (verify decides): text TBD / NO PHYSICAL PIN NUMBERS / NO FOOTP: abandoned - the client kept refusing creates
      refused (verify decides): text ANT2  RF CONNECTOR TBD: abandoned - the client kept refusing creates
     12 item(s) in  0.0s  poly=12
     12 item(s) in  0.0s  
      refused (verify decides): wire GND: create failed!
      refused (verify decides): wire IMU_INT1: create failed!
      refused (verify decides): wire +3V3_SYS: create failed!
      refused (verify decides): wire GND: abandoned - the client kept refusing creates
      refused (verify decides): wire GND: abandoned - the client kept refusing creates
      refused (verify decides): wire +3V3_SYS: abandoned - the client kept refusing creates
      refused (verify decides): wire IMU_INT2: abandoned - the client kept refusing creates
      refused (verify decides): wire +3V3_SYS: abandoned - the client kept refusing creates
      refused (verify decides): wire I2C_SCL: abandoned - the client kept refusing creates
      refused (verify decides): wire I2C_SDA: abandoned - the client kept refusing creates
      refused (verify decides): wire RTC_INT: abandoned - the client kept refusing creates
      refused (verify decides): wire I2C_SCL: abandoned - the client kept refusing creates
     12 item(s) in  0.0s  
      refused (verify decides): wire RTC_VBACKUP: create failed!
      refused (verify decides): wire +3V3_SYS: create failed!
      refused (verify decides): wire GND: create failed!
      refused (verify decides): wire +3V3_SYS: abandoned - the client kept refusing creates
      refused (verify decides): wire GND: abandoned - the client kept refusing creates
      refused (verify decides): wire +3V3_SYS: abandoned - the client kept refusing creates
      refused (verify decides): wire GND: abandoned - the client kept refusing creates
      refused (verify decides): wire +3V3_SYS: abandoned - the client kept refusing creates
      refused (verify decides): wire GND: abandoned - the client kept refusing creates
      refused (verify decides): wire +3V3_SYS: abandoned - the client kept refusing creates
      refused (verify decides): text AIOT SENIOR WATCH / EVT-V1 / SYSTEM REVI: abandoned - the client kept refusing creates
      refused (verify decides): text EVT-V1 / REVIEW DRAFT / NOT FOR FABRICAT: abandoned - the client kept refusing creates
     12 item(s) in  0.0s  
      refused (verify decides): text 01_POWER: create() returned nothing
      refused (verify decides): text VBUS_5V -> BQ24074 -> SYS: create() returned nothing
      refused (verify decides): text SYS -> TPS63070 -> +3V3_SYS: create() returned nothing
      refused (verify decides): text VBAT -> modem (path review): abandoned - the client kept refusing creates
      refused (verify decides): text MAX17048 / NTC / optional +1V8: abandoned - the client kept refusing creates
      refused (verify decides): port GND: abandoned - the client kept refusing creates
      refused (verify decides): port IMU_INT1: abandoned - the client kept refusing creates
      refused (verify decides): port +3V3_SYS: abandoned - the client kept refusing creates
      refused (verify decides): port GND: abandoned - the client kept refusing creates
      refused (verify decides): port GND: abandoned - the client kept refusing creates
      refused (verify decides): port +3V3_SYS: abandoned - the client kept refusing creates
      refused (verify decides): port IMU_INT2: abandoned - the client kept refusing creates
      HUNG on 12 item(s) (port +3V3_SYS…): HTTP 500: {"success":false,"error":"Request 8e47e5d1-673f-4ecd-9d0f-d36d34f6519e timed out
      12 of them landed anyway; retrying 0
      HUNG on 3 item(s) (port +3V3_SYS…): HTTP 500: {"success":false,"error":"Request e526ce35-837f-4bcd-8e66-cf3808efa11b timed out
      3 of them landed anyway; retrying 0
round 7: live flag=2 part=126 poly=48 port=421 text=122 wire=406 | missing=60 blocked=0 repair=1 stray=0
      wire power_PWR_FLAG (a581cbb0f7ab6b64): net!=POWER_PWR_FLAG
      still missing: text U2  SIM8230C
      still missing: text TBD / NO PHYSICAL PIN NUMBERS / NO FOOTP
      still missing: text J2  J_SIM Nano SIM
      still missing: text TBD / NO PHYSICAL PIN NUMBERS / NO FOOTP
      still missing: text U12  MODEM IO TRANSLATOR TBD
      still missing: text TBD / NO PHYSICAL PIN NUMBERS / NO FOOTP
      still missing: text D2  SIM ESD ARRAY TBD
      still missing: text TBD / NO PHYSICAL PIN NUMBERS / NO FOOTP
      still missing: text RF chains: shunt C DNP / series 0R / shu
      still missing: text ANT1  RF CONNECTOR TBD
      WRONG ATTR wire power_PWR_FLAG: net!=POWER_PWR_FLAG

FAIL: 1185 primitive(s) expected, live flag=2 part=126 poly=48 port=421 text=122 wire=406; missing=60 blocked=0 attr-repair=1 stray=0
exit=1
